Archive member included to satisfy reference by file (symbol)

c:/st/stm32cubeide_1.11.0/stm32cubeide/plugins/com.st.stm32cube.ide.mcu.externaltools.gnu-tools-for-stm32.10.3-2021.10.win32_1.0.100.202210260954/tools/bin/../lib/gcc/arm-none-eabi/10.3.1/../../../../arm-none-eabi/lib/thumb/v7-m/nofp\libc_nano.a(lib_a-errno.o)
                              ./Core/Src/syscalls.o (__errno)
c:/st/stm32cubeide_1.11.0/stm32cubeide/plugins/com.st.stm32cube.ide.mcu.externaltools.gnu-tools-for-stm32.10.3-2021.10.win32_1.0.100.202210260954/tools/bin/../lib/gcc/arm-none-eabi/10.3.1/../../../../arm-none-eabi/lib/thumb/v7-m/nofp\libc_nano.a(lib_a-exit.o)
                              c:/st/stm32cubeide_1.11.0/stm32cubeide/plugins/com.st.stm32cube.ide.mcu.externaltools.gnu-tools-for-stm32.10.3-2021.10.win32_1.0.100.202210260954/tools/bin/../lib/gcc/arm-none-eabi/10.3.1/../../../../arm-none-eabi/lib/thumb/v7-m/nofp/crt0.o (exit)
c:/st/stm32cubeide_1.11.0/stm32cubeide/plugins/com.st.stm32cube.ide.mcu.externaltools.gnu-tools-for-stm32.10.3-2021.10.win32_1.0.100.202210260954/tools/bin/../lib/gcc/arm-none-eabi/10.3.1/../../../../arm-none-eabi/lib/thumb/v7-m/nofp\libc_nano.a(lib_a-impure.o)
                              c:/st/stm32cubeide_1.11.0/stm32cubeide/plugins/com.st.stm32cube.ide.mcu.externaltools.gnu-tools-for-stm32.10.3-2021.10.win32_1.0.100.202210260954/tools/bin/../lib/gcc/arm-none-eabi/10.3.1/../../../../arm-none-eabi/lib/thumb/v7-m/nofp\libc_nano.a(lib_a-exit.o) (_global_impure_ptr)
c:/st/stm32cubeide_1.11.0/stm32cubeide/plugins/com.st.stm32cube.ide.mcu.externaltools.gnu-tools-for-stm32.10.3-2021.10.win32_1.0.100.202210260954/tools/bin/../lib/gcc/arm-none-eabi/10.3.1/../../../../arm-none-eabi/lib/thumb/v7-m/nofp\libc_nano.a(lib_a-init.o)
                              c:/st/stm32cubeide_1.11.0/stm32cubeide/plugins/com.st.stm32cube.ide.mcu.externaltools.gnu-tools-for-stm32.10.3-2021.10.win32_1.0.100.202210260954/tools/bin/../lib/gcc/arm-none-eabi/10.3.1/../../../../arm-none-eabi/lib/thumb/v7-m/nofp/crt0.o (__libc_init_array)
c:/st/stm32cubeide_1.11.0/stm32cubeide/plugins/com.st.stm32cube.ide.mcu.externaltools.gnu-tools-for-stm32.10.3-2021.10.win32_1.0.100.202210260954/tools/bin/../lib/gcc/arm-none-eabi/10.3.1/../../../../arm-none-eabi/lib/thumb/v7-m/nofp\libc_nano.a(lib_a-memcpy-stub.o)
                              ./Core/Src/button.o (memcpy)
c:/st/stm32cubeide_1.11.0/stm32cubeide/plugins/com.st.stm32cube.ide.mcu.externaltools.gnu-tools-for-stm32.10.3-2021.10.win32_1.0.100.202210260954/tools/bin/../lib/gcc/arm-none-eabi/10.3.1/../../../../arm-none-eabi/lib/thumb/v7-m/nofp\libc_nano.a(lib_a-memset.o)
                              c:/st/stm32cubeide_1.11.0/stm32cubeide/plugins/com.st.stm32cube.ide.mcu.externaltools.gnu-tools-for-stm32.10.3-2021.10.win32_1.0.100.202210260954/tools/bin/../lib/gcc/arm-none-eabi/10.3.1/../../../../arm-none-eabi/lib/thumb/v7-m/nofp/crt0.o (memset)
c:/st/stm32cubeide_1.11.0/stm32cubeide/plugins/com.st.stm32cube.ide.mcu.externaltools.gnu-tools-for-stm32.10.3-2021.10.win32_1.0.100.202210260954/tools/bin/../lib/gcc/arm-none-eabi/10.3.1/../../../../arm-none-eabi/lib/thumb/v7-m/nofp\libc_nano.a(lib_a-sprintf.o)
                              ./Core/Src/automatic_fsm.o (sprintf)
c:/st/stm32cubeide_1.11.0/stm32cubeide/plugins/com.st.stm32cube.ide.mcu.externaltools.gnu-tools-for-stm32.10.3-2021.10.win32_1.0.100.202210260954/tools/bin/../lib/gcc/arm-none-eabi/10.3.1/../../../../arm-none-eabi/lib/thumb/v7-m/nofp\libc_nano.a(lib_a-nano-svfprintf.o)
                              c:/st/stm32cubeide_1.11.0/stm32cubeide/plugins/com.st.stm32cube.ide.mcu.externaltools.gnu-tools-for-stm32.10.3-2021.10.win32_1.0.100.202210260954/tools/bin/../lib/gcc/arm-none-eabi/10.3.1/../../../../arm-none-eabi/lib/thumb/v7-m/nofp\libc_nano.a(lib_a-sprintf.o) (_svfprintf_r)
c:/st/stm32cubeide_1.11.0/stm32cubeide/plugins/com.st.stm32cube.ide.mcu.externaltools.gnu-tools-for-stm32.10.3-2021.10.win32_1.0.100.202210260954/tools/bin/../lib/gcc/arm-none-eabi/10.3.1/../../../../arm-none-eabi/lib/thumb/v7-m/nofp\libc_nano.a(lib_a-nano-vfprintf_i.o)
                              c:/st/stm32cubeide_1.11.0/stm32cubeide/plugins/com.st.stm32cube.ide.mcu.externaltools.gnu-tools-for-stm32.10.3-2021.10.win32_1.0.100.202210260954/tools/bin/../lib/gcc/arm-none-eabi/10.3.1/../../../../arm-none-eabi/lib/thumb/v7-m/nofp\libc_nano.a(lib_a-nano-svfprintf.o) (_printf_i)
c:/st/stm32cubeide_1.11.0/stm32cubeide/plugins/com.st.stm32cube.ide.mcu.externaltools.gnu-tools-for-stm32.10.3-2021.10.win32_1.0.100.202210260954/tools/bin/../lib/gcc/arm-none-eabi/10.3.1/../../../../arm-none-eabi/lib/thumb/v7-m/nofp\libc_nano.a(lib_a-memchr-stub.o)
                              c:/st/stm32cubeide_1.11.0/stm32cubeide/plugins/com.st.stm32cube.ide.mcu.externaltools.gnu-tools-for-stm32.10.3-2021.10.win32_1.0.100.202210260954/tools/bin/../lib/gcc/arm-none-eabi/10.3.1/../../../../arm-none-eabi/lib/thumb/v7-m/nofp\libc_nano.a(lib_a-nano-svfprintf.o) (memchr)
[...]
Memory Configuration

Name             Origin             Length             Attributes
RAM              0x0000000020000000 0x0000000000005000 xrw
FLASH            0x0000000008000000 0x0000000000020000 xr
*default*        0x0000000000000000 0xffffffffffffffff

Linker script and memory map

LOAD c:/st/stm32cubeide_1.11.0/stm32cubeide/plugins/com.st.stm32cube.ide.mcu.externaltools.gnu-tools-for-stm32.10.3-2021.10.win32_1.0.100.202210260954/tools/bin/../lib/gcc/arm-none-eabi/10.3.1/thumb/v7-m/nofp/crti.o
LOAD c:/st/stm32cubeide_1.11.0/stm32cubeide/plugins/com.st.stm32cube.ide.mcu.externaltools.gnu-tools-for-stm32.10.3-2021.10.win32_1.0.100.202210260954/tools/bin/../lib/gcc/arm-none-eabi/10.3.1/thumb/v7-m/nofp/crtbegin.o
LOAD c:/st/stm32cubeide_1.11.0/stm32cubeide/plugins/com.st.stm32cube.ide.mcu.externaltools.gnu-tools-for-stm32.10.3-2021.10.win32_1.0.100.202210260954/tools/bin/../lib/gcc/arm-none-eabi/10.3.1/../../../../arm-none-eabi/lib/thumb/v7-m/nofp/crt0.o
LOAD ./Core/Src/Melody.o
LOAD ./Core/Src/automatic_fsm.o
LOAD ./Core/Src/button.o
LOAD ./Core/Src/delay.o
LOAD ./Core/Src/fsm_auto.o
LOAD ./Core/Src/fsm_manual.o
LOAD ./Core/Src/global.o
LOAD ./Core/Src/led_disp.o
LOAD ./Core/Src/main.o
LOAD ./Core/Src/software_timer.o
LOAD ./Core/Src/stm32f1xx_hal_msp.o
LOAD ./Core/Src/stm32f1xx_it.o
LOAD ./Core/Src/syscalls.o
LOAD ./Core/Src/sysmem.o
LOAD ./Core/Src/system_stm32f1xx.o
LOAD ./Core/Startup/startup_stm32f103rbtx.o
LOAD ./Drivers/STM32F1xx_HAL_Driver/Src/stm32f1xx_hal.o
LOAD ./Drivers/STM32F1xx_HAL_Driver/Src/stm32f1xx_hal_adc.o
LOAD ./Drivers/STM32F1xx_HAL_Driver/Src/stm32f1xx_hal_adc_ex.o
LOAD ./Drivers/STM32F1xx_HAL_Driver/Src/stm32f1xx_hal_cortex.o
LOAD ./Drivers/STM32F1xx_HAL_Driver/Src/stm32f1xx_hal_dma.o
LOAD ./Drivers/STM32F1xx_HAL_Driver/Src/stm32f1xx_hal_exti.o
LOAD ./Drivers/STM32F1xx_HAL_Driver/Src/stm32f1xx_hal_flash.o
LOAD ./Drivers/STM32F1xx_HAL_Driver/Src/stm32f1xx_hal_flash_ex.o
LOAD ./Drivers/STM32F1xx_HAL_Driver/Src/stm32f1xx_hal_gpio.o
LOAD ./Drivers/STM32F1xx_HAL_Driver/Src/stm32f1xx_hal_gpio_ex.o
LOAD ./Drivers/STM32F1xx_HAL_Driver/Src/stm32f1xx_hal_pwr.o
LOAD ./Drivers/STM32F1xx_HAL_Driver/Src/stm32f1xx_hal_rcc.o
LOAD ./Drivers/STM32F1xx_HAL_Driver/Src/stm32f1xx_hal_rcc_ex.o
LOAD ./Drivers/STM32F1xx_HAL_Driver/Src/stm32f1xx_hal_tim.o
LOAD ./Drivers/STM32F1xx_HAL_Driver/Src/stm32f1xx_hal_tim_ex.o
LOAD ./Drivers/STM32F1xx_HAL_Driver/Src/stm32f1xx_hal_uart.o
START GROUP
LOAD c:/st/stm32cubeide_1.11.0/stm32cubeide/plugins/com.st.stm32cube.ide.mcu.externaltools.gnu-tools-for-stm32.10.3-2021.10.win32_1.0.100.202210260954/tools/bin/../lib/gcc/arm-none-eabi/10.3.1/../../../../arm-none-eabi/lib/thumb/v7-m/nofp\libc_nano.a
LOAD c:/st/stm32cubeide_1.11.0/stm32cubeide/plugins/com.st.stm32cube.ide.mcu.externaltools.gnu-tools-for-stm32.10.3-2021.10.win32_1.0.100.202210260954/tools/bin/../lib/gcc/arm-none-eabi/10.3.1/../../../../arm-none-eabi/lib/thumb/v7-m/nofp\libm.a
END GROUP
START GROUP
LOAD c:/st/stm32cubeide_1.11.0/stm32cubeide/plugins/com.st.stm32cube.ide.mcu.externaltools.gnu-tools-for-stm32.10.3-2021.10.win32_1.0.100.202210260954/tools/bin/../lib/gcc/arm-none-eabi/10.3.1/thumb/v7-m/nofp\libgcc.a
LOAD c:/st/stm32cubeide_1.11.0/stm32cubeide/plugins/com.st.stm32cube.ide.mcu.externaltools.gnu-tools-for-stm32.10.3-2021.10.win32_1.0.100.202210260954/tools/bin/../lib/gcc/arm-none-eabi/10.3.1/../../../../arm-none-eabi/lib/thumb/v7-m/nofp\libc_nano.a
END GROUP
START GROUP
LOAD c:/st/stm32cubeide_1.11.0/stm32cubeide/plugins/com.st.stm32cube.ide.mcu.externaltools.gnu-tools-for-stm32.10.3-2021.10.win32_1.0.100.202210260954/tools/bin/../lib/gcc/arm-none-eabi/10.3.1/thumb/v7-m/nofp\libgcc.a
LOAD c:/st/stm32cubeide_1.11.0/stm32cubeide/plugins/com.st.stm32cube.ide.mcu.externaltools.gnu-tools-for-stm32.10.3-2021.10.win32_1.0.100.202210260954/tools/bin/../lib/gcc/arm-none-eabi/10.3.1/../../../../arm-none-eabi/lib/thumb/v7-m/nofp\libc_nano.a
LOAD c:/st/stm32cubeide_1.11.0/stm32cubeide/plugins/com.st.stm32cube.ide.mcu.externaltools.gnu-tools-for-stm32.10.3-2021.10.win32_1.0.100.202210260954/tools/bin/../lib/gcc/arm-none-eabi/10.3.1/../../../../arm-none-eabi/lib/thumb/v7-m/nofp\libnosys.a
END GROUP
START GROUP
LOAD c:/st/stm32cubeide_1.11.0/stm32cubeide/plugins/com.st.stm32cube.ide.mcu.externaltools.gnu-tools-for-stm32.10.3-2021.10.win32_1.0.100.202210260954/tools/bin/../lib/gcc/arm-none-eabi/10.3.1/thumb/v7-m/nofp\libgcc.a
LOAD c:/st/stm32cubeide_1.11.0/stm32cubeide/plugins/com.st.stm32cube.ide.mcu.externaltools.gnu-tools-for-stm32.10.3-2021.10.win32_1.0.100.202210260954/tools/bin/../lib/gcc/arm-none-eabi/10.3.1/../../../../arm-none-eabi/lib/thumb/v7-m/nofp\libc_nano.a
LOAD c:/st/stm32cubeide_1.11.0/stm32cubeide/plugins/com.st.stm32cube.ide.mcu.externaltools.gnu-tools-for-stm32.10.3-2021.10.win32_1.0.100.202210260954/tools/bin/../lib/gcc/arm-none-eabi/10.3.1/../../../../arm-none-eabi/lib/thumb/v7-m/nofp\libnosys.a
END GROUP
LOAD c:/st/stm32cubeide_1.11.0/stm32cubeide/plugins/com.st.stm32cube.ide.mcu.externaltools.gnu-tools-for-stm32.10.3-2021.10.win32_1.0.100.202210260954/tools/bin/../lib/gcc/arm-none-eabi/10.3.1/thumb/v7-m/nofp/crtend.o
LOAD c:/st/stm32cubeide_1.11.0/stm32cubeide/plugins/com.st.stm32cube.ide.mcu.externaltools.gnu-tools-for-stm32.10.3-2021.10.win32_1.0.100.202210260954/tools/bin/../lib/gcc/arm-none-eabi/10.3.1/thumb/v7-m/nofp/crtn.o
                0x0000000020005000                _estack = (ORIGIN (RAM) + LENGTH (RAM))
                0x0000000000000200                _Min_Heap_Size = 0x200
                0x0000000000000400                _Min_Stack_Size = 0x400

.isr_vector     0x0000000008000000      0x10c
                0x0000000008000000                . = ALIGN (0x4)
 *(.isr_vector)
 .isr_vector    0x0000000008000000      0x10c ./Core/Startup/startup_stm32f103rbtx.o
                0x0000000008000000                g_pfnVectors
                0x000000000800010c                . = ALIGN (0x4)

.text           0x000000000800010c     0x5250
                0x000000000800010c                . = ALIGN (0x4)
 *(.text)
 .text          0x000000000800010c       0x40 c:/st/stm32cubeide_1.11.0/stm32cubeide/plugins/com.st.stm32cube.ide.mcu.externaltools.gnu-tools-for-stm32.10.3-2021.10.win32_1.0.100.202210260954/tools/bin/../lib/gcc/arm-none-eabi/10.3.1/thumb/v7-m/nofp/crtbegin.o
 *(.text*)
 .text.Play_Melody
                0x000000000800014c       0xac ./Core/Src/Melody.o
                0x000000000800014c                Play_Melody
 .text.uart_communiation_fsm
                0x00000000080001f8       0x58 ./Core/Src/automatic_fsm.o
                0x00000000080001f8                uart_communiation_fsm
 .text.isButtonPressed
                0x0000000008000250       0x68 ./Core/Src/button.o
                0x0000000008000250                isButtonPressed
 .text.subKeyProcess
                0x00000000080002b8       0x20 ./Core/Src/button.o
                0x00000000080002b8                subKeyProcess
 .text.getKeyInput
                0x00000000080002d8      0x108 ./Core/Src/button.o
                0x00000000080002d8                getKeyInput
 .text.fsm_auto_run
                0x00000000080003e0      0x3f8 ./Core/Src/fsm_auto.o
                0x00000000080003e0                fsm_auto_run
 .text.fsm_manual_run
                0x00000000080007d8      0x1ec ./Core/Src/fsm_manual.o
                0x00000000080007d8                fsm_manual_run
 .text.LedTimeInit
                0x00000000080009c4       0x2c ./Core/Src/global.o
                0x00000000080009c4                LedTimeInit
 .text.Setup    0x00000000080009f0       0xb0 ./Core/Src/global.o
                0x00000000080009f0                Setup
 .text.toggleREDS
                0x0000000008000aa0       0x24 ./Core/Src/led_disp.o
                0x0000000008000aa0                toggleREDS
 .text.toggleGREENs
                0x0000000008000ac4       0x1c ./Core/Src/led_disp.o
                0x0000000008000ac4                toggleGREENs
 .text.reset    0x0000000008000ae0       0x3c ./Core/Src/led_disp.o
                0x0000000008000ae0                reset
 .text.enableRED_WEST
                0x0000000008000b1c       0x28 ./Core/Src/led_disp.o
                0x0000000008000b1c                enableRED_WEST
 .text.enableYELLOW_WEST
                0x0000000008000b44       0x28 ./Core/Src/led_disp.o
                0x0000000008000b44                enableYELLOW_WEST
 .text.enableGREEN_WEST
                0x0000000008000b6c       0x28 ./Core/Src/led_disp.o
                0x0000000008000b6c                enableGREEN_WEST
 .text.enableRED_NORTH
                0x0000000008000b94       0x20 ./Core/Src/led_disp.o
                0x0000000008000b94                enableRED_NORTH
 .text.enableGREEN_NORTH
                0x0000000008000bb4       0x20 ./Core/Src/led_disp.o
                0x0000000008000bb4                enableGREEN_NORTH
 .text.enableYELLOW_NORTH
                0x0000000008000bd4       0x20 ./Core/Src/led_disp.o
                0x0000000008000bd4                enableYELLOW_NORTH
 .text.PEDESTRIAN_RED
                0x0000000008000bf4       0x28 ./Core/Src/led_disp.o
                0x0000000008000bf4                PEDESTRIAN_RED
 .text.PEDESTRIAN_GREEN
                0x0000000008000c1c       0x28 ./Core/Src/led_disp.o
                0x0000000008000c1c                PEDESTRIAN_GREEN
 .text.OFF_PEDESTRIAN
                0x0000000008000c44       0x28 ./Core/Src/led_disp.o
                0x0000000008000c44                OFF_PEDESTRIAN
 .text.main     0x0000000008000c6c       0x5c ./Core/Src/main.o
                0x0000000008000c6c                main
 .text.SystemClock_Config
                0x0000000008000cc8       0xae ./Core/Src/main.o
                0x0000000008000cc8                SystemClock_Config
 *fill*         0x0000000008000d76        0x2 
 .text.MX_ADC1_Init
                0x0000000008000d78       0x7c ./Core/Src/main.o
 .text.MX_TIM2_Init
                0x0000000008000df4       0x98 ./Core/Src/main.o
 .text.MX_TIM3_Init
                0x0000000008000e8c       0xec ./Core/Src/main.o
 .text.MX_USART2_UART_Init
                0x0000000008000f78       0x54 ./Core/Src/main.o
 .text.MX_GPIO_Init
                0x0000000008000fcc      0x140 ./Core/Src/main.o
 .text.HAL_TIM_PeriodElapsedCallback
                0x000000000800110c       0x18 ./Core/Src/main.o
                0x000000000800110c                HAL_TIM_PeriodElapsedCallback
 .text.Error_Handler
                0x0000000008001124        0xa ./Core/Src/main.o
                0x0000000008001124                Error_Handler
 *fill*         0x000000000800112e        0x2 
 .text.setTimer1
                0x0000000008001130       0x28 ./Core/Src/software_timer.o
                0x0000000008001130                setTimer1
 .text.setTimer2
                0x0000000008001158       0x28 ./Core/Src/software_timer.o
                0x0000000008001158                setTimer2
 .text.setTimer4
                0x0000000008001180       0x28 ./Core/Src/software_timer.o
                0x0000000008001180                setTimer4
 .text.setTimer8
                0x00000000080011a8       0x28 ./Core/Src/software_timer.o
                0x00000000080011a8                setTimer8
 .text.setTimer9
                0x00000000080011d0       0x28 ./Core/Src/software_timer.o
                0x00000000080011d0                setTimer9
 .text.setTimer10
                0x00000000080011f8       0x28 ./Core/Src/software_timer.o
                0x00000000080011f8                setTimer10
 .text.timerRun
                0x0000000008001220      0x19c ./Core/Src/software_timer.o
                0x0000000008001220                timerRun
 .text.HAL_MspInit
                0x00000000080013bc       0x64 ./Core/Src/stm32f1xx_hal_msp.o
                0x00000000080013bc                HAL_MspInit
 .text.HAL_ADC_MspInit
                0x0000000008001420       0x88 ./Core/Src/stm32f1xx_hal_msp.o
                0x0000000008001420                HAL_ADC_MspInit
 .text.HAL_TIM_Base_MspInit
                0x00000000080014a8       0x80 ./Core/Src/stm32f1xx_hal_msp.o
                0x00000000080014a8                HAL_TIM_Base_MspInit
 .text.HAL_TIM_MspPostInit
                0x0000000008001528       0x64 ./Core/Src/stm32f1xx_hal_msp.o
                0x0000000008001528                HAL_TIM_MspPostInit
 .text.HAL_UART_MspInit
                0x000000000800158c       0x8c ./Core/Src/stm32f1xx_hal_msp.o
                0x000000000800158c                HAL_UART_MspInit
 .text.NMI_Handler
                0x0000000008001618        0x6 ./Core/Src/stm32f1xx_it.o
                0x0000000008001618                NMI_Handler
 .text.HardFault_Handler
                0x000000000800161e        0x6 ./Core/Src/stm32f1xx_it.o
                0x000000000800161e                HardFault_Handler
 .text.MemManage_Handler
                0x0000000008001624        0x6 ./Core/Src/stm32f1xx_it.o
                0x0000000008001624                MemManage_Handler
 .text.BusFault_Handler
                0x000000000800162a        0x6 ./Core/Src/stm32f1xx_it.o
                0x000000000800162a                BusFault_Handler
 .text.UsageFault_Handler
                0x0000000008001630        0x6 ./Core/Src/stm32f1xx_it.o
                0x0000000008001630                UsageFault_Handler
 .text.SVC_Handler
                0x0000000008001636        0xc ./Core/Src/stm32f1xx_it.o
                0x0000000008001636                SVC_Handler
 .text.DebugMon_Handler
                0x0000000008001642        0xc ./Core/Src/stm32f1xx_it.o
                0x0000000008001642                DebugMon_Handler
 .text.PendSV_Handler
                0x000000000800164e        0xc ./Core/Src/stm32f1xx_it.o
                0x000000000800164e                PendSV_Handler
 .text.SysTick_Handler
                0x000000000800165a        0xc ./Core/Src/stm32f1xx_it.o
                0x000000000800165a                SysTick_Handler
 *fill*         0x0000000008001666        0x2 
 .text.ADC1_2_IRQHandler
                0x0000000008001668       0x14 ./Core/Src/stm32f1xx_it.o
                0x0000000008001668                ADC1_2_IRQHandler
 .text.TIM2_IRQHandler
                0x000000000800167c       0x14 ./Core/Src/stm32f1xx_it.o
                0x000000000800167c                TIM2_IRQHandler
 .text.TIM3_IRQHandler
                0x0000000008001690       0x14 ./Core/Src/stm32f1xx_it.o
                0x0000000008001690                TIM3_IRQHandler
 .text.USART2_IRQHandler
                0x00000000080016a4       0x14 ./Core/Src/stm32f1xx_it.o
                0x00000000080016a4                USART2_IRQHandler
 .text.EXTI15_10_IRQHandler
                0x00000000080016b8       0x10 ./Core/Src/stm32f1xx_it.o
                0x00000000080016b8                EXTI15_10_IRQHandler
 .text._sbrk    0x00000000080016c8       0x6c ./Core/Src/sysmem.o
                0x00000000080016c8                _sbrk
 .text.SystemInit
                0x0000000008001734        0xc ./Core/Src/system_stm32f1xx.o
                0x0000000008001734                SystemInit
 .text.Reset_Handler
                0x0000000008001740       0x48 ./Core/Startup/startup_stm32f103rbtx.o
                0x0000000008001740                Reset_Handler
 .text.Default_Handler
                0x0000000008001788        0x2 ./Core/Startup/startup_stm32f103rbtx.o
                0x0000000008001788                RTC_Alarm_IRQHandler
                0x0000000008001788                EXTI2_IRQHandler
                0x0000000008001788                TIM1_CC_IRQHandler
                0x0000000008001788                PVD_IRQHandler
                0x0000000008001788                EXTI3_IRQHandler
                0x0000000008001788                EXTI0_IRQHandler
                0x0000000008001788                I2C2_EV_IRQHandler
                0x0000000008001788                SPI1_IRQHandler
                0x0000000008001788                TAMPER_IRQHandler
                0x0000000008001788                DMA1_Channel4_IRQHandler
                0x0000000008001788                USART3_IRQHandler
                0x0000000008001788                RTC_IRQHandler
                0x0000000008001788                DMA1_Channel7_IRQHandler
                0x0000000008001788                CAN1_RX1_IRQHandler
                0x0000000008001788                TIM4_IRQHandler
                0x0000000008001788                I2C1_EV_IRQHandler
                0x0000000008001788                DMA1_Channel6_IRQHandler
                0x0000000008001788                RCC_IRQHandler
                0x0000000008001788                TIM1_TRG_COM_IRQHandler
                0x0000000008001788                DMA1_Channel1_IRQHandler
                0x0000000008001788                Default_Handler
                0x0000000008001788                EXTI9_5_IRQHandler
                0x0000000008001788                SPI2_IRQHandler
                0x0000000008001788                DMA1_Channel5_IRQHandler
                0x0000000008001788                EXTI4_IRQHandler
                0x0000000008001788                USB_LP_CAN1_RX0_IRQHandler
                0x0000000008001788                USB_HP_CAN1_TX_IRQHandler
                0x0000000008001788                DMA1_Channel3_IRQHandler
                0x0000000008001788                TIM1_UP_IRQHandler
                0x0000000008001788                WWDG_IRQHandler
                0x0000000008001788                TIM1_BRK_IRQHandler
                0x0000000008001788                EXTI1_IRQHandler
                0x0000000008001788                I2C2_ER_IRQHandler
                0x0000000008001788                DMA1_Channel2_IRQHandler
                0x0000000008001788                CAN1_SCE_IRQHandler
                0x0000000008001788                FLASH_IRQHandler
                0x0000000008001788                USART1_IRQHandler
                0x0000000008001788                I2C1_ER_IRQHandler
                0x0000000008001788                USBWakeUp_IRQHandler
 *fill*         0x000000000800178a        0x2 
 .text.HAL_Init
                0x000000000800178c       0x2c ./Drivers/STM32F1xx_HAL_Driver/Src/stm32f1xx_hal.o
                0x000000000800178c                HAL_Init
 .text.HAL_InitTick
                0x00000000080017b8       0x60 ./Drivers/STM32F1xx_HAL_Driver/Src/stm32f1xx_hal.o
                0x00000000080017b8                HAL_InitTick
 .text.HAL_IncTick
                0x0000000008001818       0x24 ./Drivers/STM32F1xx_HAL_Driver/Src/stm32f1xx_hal.o
                0x0000000008001818                HAL_IncTick
 .text.HAL_GetTick
                0x000000000800183c       0x14 ./Drivers/STM32F1xx_HAL_Driver/Src/stm32f1xx_hal.o
                0x000000000800183c                HAL_GetTick
 .text.HAL_Delay
                0x0000000008001850       0x48 ./Drivers/STM32F1xx_HAL_Driver/Src/stm32f1xx_hal.o
                0x0000000008001850                HAL_Delay
 .text.HAL_ADC_Init
                0x0000000008001898      0x1b0 ./Drivers/STM32F1xx_HAL_Driver/Src/stm32f1xx_hal_adc.o
                0x0000000008001898                HAL_ADC_Init
 .text.HAL_ADC_Start
                0x0000000008001a48      0x15c ./Drivers/STM32F1xx_HAL_Driver/Src/stm32f1xx_hal_adc.o
                0x0000000008001a48                HAL_ADC_Start
 .text.HAL_ADC_IRQHandler
                0x0000000008001ba4      0x186 ./Drivers/STM32F1xx_HAL_Driver/Src/stm32f1xx_hal_adc.o
                0x0000000008001ba4                HAL_ADC_IRQHandler
 .text.HAL_ADC_ConvCpltCallback
                0x0000000008001d2a       0x12 ./Drivers/STM32F1xx_HAL_Driver/Src/stm32f1xx_hal_adc.o
                0x0000000008001d2a                HAL_ADC_ConvCpltCallback
 .text.HAL_ADC_LevelOutOfWindowCallback
                0x0000000008001d3c       0x12 ./Drivers/STM32F1xx_HAL_Driver/Src/stm32f1xx_hal_adc.o
                0x0000000008001d3c                HAL_ADC_LevelOutOfWindowCallback
 *fill*         0x0000000008001d4e        0x2 
 .text.HAL_ADC_ConfigChannel
                0x0000000008001d50      0x1f0 ./Drivers/STM32F1xx_HAL_Driver/Src/stm32f1xx_hal_adc.o
                0x0000000008001d50                HAL_ADC_ConfigChannel
 .text.ADC_Enable
                0x0000000008001f40       0xb4 ./Drivers/STM32F1xx_HAL_Driver/Src/stm32f1xx_hal_adc.o
                0x0000000008001f40                ADC_Enable
 .text.ADC_ConversionStop_Disable
                0x0000000008001ff4       0x82 ./Drivers/STM32F1xx_HAL_Driver/Src/stm32f1xx_hal_adc.o
                0x0000000008001ff4                ADC_ConversionStop_Disable
 .text.HAL_ADCEx_InjectedConvCpltCallback
                0x0000000008002076       0x12 ./Drivers/STM32F1xx_HAL_Driver/Src/stm32f1xx_hal_adc_ex.o
                0x0000000008002076                HAL_ADCEx_InjectedConvCpltCallback
 .text.__NVIC_SetPriorityGrouping
                0x0000000008002088       0x48 ./Drivers/STM32F1xx_HAL_Driver/Src/stm32f1xx_hal_cortex.o
 .text.__NVIC_GetPriorityGrouping
                0x00000000080020d0       0x1c ./Drivers/STM32F1xx_HAL_Driver/Src/stm32f1xx_hal_cortex.o
 .text.__NVIC_EnableIRQ
                0x00000000080020ec       0x38 ./Drivers/STM32F1xx_HAL_Driver/Src/stm32f1xx_hal_cortex.o
 .text.__NVIC_SetPriority
                0x0000000008002124       0x54 ./Drivers/STM32F1xx_HAL_Driver/Src/stm32f1xx_hal_cortex.o
 .text.NVIC_EncodePriority
                0x0000000008002178       0x64 ./Drivers/STM32F1xx_HAL_Driver/Src/stm32f1xx_hal_cortex.o
 .text.SysTick_Config
                0x00000000080021dc       0x44 ./Drivers/STM32F1xx_HAL_Driver/Src/stm32f1xx_hal_cortex.o
 .text.HAL_NVIC_SetPriorityGrouping
                0x0000000008002220       0x16 ./Drivers/STM32F1xx_HAL_Driver/Src/stm32f1xx_hal_cortex.o
                0x0000000008002220                HAL_NVIC_SetPriorityGrouping
 .text.HAL_NVIC_SetPriority
                0x0000000008002236       0x38 ./Drivers/STM32F1xx_HAL_Driver/Src/stm32f1xx_hal_cortex.o
                0x0000000008002236                HAL_NVIC_SetPriority
 .text.HAL_NVIC_EnableIRQ
                0x000000000800226e       0x1c ./Drivers/STM32F1xx_HAL_Driver/Src/stm32f1xx_hal_cortex.o
                0x000000000800226e                HAL_NVIC_EnableIRQ
 .text.HAL_SYSTICK_Config
                0x000000000800228a       0x18 ./Drivers/STM32F1xx_HAL_Driver/Src/stm32f1xx_hal_cortex.o
                0x000000000800228a                HAL_SYSTICK_Config
 .text.HAL_DMA_Abort
                0x00000000080022a2       0x74 ./Drivers/STM32F1xx_HAL_Driver/Src/stm32f1xx_hal_dma.o
                0x00000000080022a2                HAL_DMA_Abort
 *fill*         0x0000000008002316        0x2 
 .text.HAL_DMA_Abort_IT
                0x0000000008002318       0xec ./Drivers/STM32F1xx_HAL_Driver/Src/stm32f1xx_hal_dma.o
                0x0000000008002318                HAL_DMA_Abort_IT
 .text.HAL_GPIO_Init
                0x0000000008002404      0x308 ./Drivers/STM32F1xx_HAL_Driver/Src/stm32f1xx_hal_gpio.o
                0x0000000008002404                HAL_GPIO_Init
 .text.HAL_GPIO_ReadPin
                0x000000000800270c       0x2e ./Drivers/STM32F1xx_HAL_Driver/Src/stm32f1xx_hal_gpio.o
                0x000000000800270c                HAL_GPIO_ReadPin
 .text.HAL_GPIO_WritePin
                0x000000000800273a       0x30 ./Drivers/STM32F1xx_HAL_Driver/Src/stm32f1xx_hal_gpio.o
                0x000000000800273a                HAL_GPIO_WritePin
 .text.HAL_GPIO_TogglePin
                0x000000000800276a       0x32 ./Drivers/STM32F1xx_HAL_Driver/Src/stm32f1xx_hal_gpio.o
                0x000000000800276a                HAL_GPIO_TogglePin
 .text.HAL_GPIO_EXTI_IRQHandler
                0x000000000800279c       0x30 ./Drivers/STM32F1xx_HAL_Driver/Src/stm32f1xx_hal_gpio.o
                0x000000000800279c                HAL_GPIO_EXTI_IRQHandler
 .text.HAL_GPIO_EXTI_Callback
                0x00000000080027cc       0x14 ./Drivers/STM32F1xx_HAL_Driver/Src/stm32f1xx_hal_gpio.o
                0x00000000080027cc                HAL_GPIO_EXTI_Callback
 .text.HAL_RCC_OscConfig
                0x00000000080027e0      0x504 ./Drivers/STM32F1xx_HAL_Driver/Src/stm32f1xx_hal_rcc.o
                0x00000000080027e0                HAL_RCC_OscConfig
 .text.HAL_RCC_ClockConfig
                0x0000000008002ce4      0x1d4 ./Drivers/STM32F1xx_HAL_Driver/Src/stm32f1xx_hal_rcc.o
                0x0000000008002ce4                HAL_RCC_ClockConfig
 .text.HAL_RCC_GetSysClockFreq
                0x0000000008002eb8       0xbc ./Drivers/STM32F1xx_HAL_Driver/Src/stm32f1xx_hal_rcc.o
                0x0000000008002eb8                HAL_RCC_GetSysClockFreq
 .text.HAL_RCC_GetHCLKFreq
                0x0000000008002f74       0x14 ./Drivers/STM32F1xx_HAL_Driver/Src/stm32f1xx_hal_rcc.o
                0x0000000008002f74                HAL_RCC_GetHCLKFreq
 .text.HAL_RCC_GetPCLK1Freq
                0x0000000008002f88       0x28 ./Drivers/STM32F1xx_HAL_Driver/Src/stm32f1xx_hal_rcc.o
                0x0000000008002f88                HAL_RCC_GetPCLK1Freq
 .text.HAL_RCC_GetPCLK2Freq
                0x0000000008002fb0       0x28 ./Drivers/STM32F1xx_HAL_Driver/Src/stm32f1xx_hal_rcc.o
                0x0000000008002fb0                HAL_RCC_GetPCLK2Freq
 .text.RCC_Delay
                0x0000000008002fd8       0x3c ./Drivers/STM32F1xx_HAL_Driver/Src/stm32f1xx_hal_rcc.o
 .text.HAL_RCCEx_PeriphCLKConfig
                0x0000000008003014      0x16c ./Drivers/STM32F1xx_HAL_Driver/Src/stm32f1xx_hal_rcc_ex.o
                0x0000000008003014                HAL_RCCEx_PeriphCLKConfig
 .text.HAL_TIM_Base_Init
                0x0000000008003180       0x9e ./Drivers/STM32F1xx_HAL_Driver/Src/stm32f1xx_hal_tim.o
                0x0000000008003180                HAL_TIM_Base_Init
 *fill*         0x000000000800321e        0x2 
 .text.HAL_TIM_Base_Start_IT
                0x0000000008003220       0xa4 ./Drivers/STM32F1xx_HAL_Driver/Src/stm32f1xx_hal_tim.o
                0x0000000008003220                HAL_TIM_Base_Start_IT
 .text.HAL_TIM_PWM_Init
                0x00000000080032c4       0x9e ./Drivers/STM32F1xx_HAL_Driver/Src/stm32f1xx_hal_tim.o
                0x00000000080032c4                HAL_TIM_PWM_Init
 .text.HAL_TIM_PWM_MspInit
                0x0000000008003362       0x12 ./Drivers/STM32F1xx_HAL_Driver/Src/stm32f1xx_hal_tim.o
                0x0000000008003362                HAL_TIM_PWM_MspInit
 .text.HAL_TIM_PWM_Start
                0x0000000008003374      0x144 ./Drivers/STM32F1xx_HAL_Driver/Src/stm32f1xx_hal_tim.o
                0x0000000008003374                HAL_TIM_PWM_Start
 .text.HAL_TIM_IRQHandler
                0x00000000080034b8      0x210 ./Drivers/STM32F1xx_HAL_Driver/Src/stm32f1xx_hal_tim.o
                0x00000000080034b8                HAL_TIM_IRQHandler
 .text.HAL_TIM_PWM_ConfigChannel
                0x00000000080036c8      0x17c ./Drivers/STM32F1xx_HAL_Driver/Src/stm32f1xx_hal_tim.o
                0x00000000080036c8                HAL_TIM_PWM_ConfigChannel
 .text.HAL_TIM_ConfigClockSource
                0x0000000008003844      0x188 ./Drivers/STM32F1xx_HAL_Driver/Src/stm32f1xx_hal_tim.o
                0x0000000008003844                HAL_TIM_ConfigClockSource
 .text.HAL_TIM_OC_DelayElapsedCallback
                0x00000000080039cc       0x12 ./Drivers/STM32F1xx_HAL_Driver/Src/stm32f1xx_hal_tim.o
                0x00000000080039cc                HAL_TIM_OC_DelayElapsedCallback
 .text.HAL_TIM_IC_CaptureCallback
                0x00000000080039de       0x12 ./Drivers/STM32F1xx_HAL_Driver/Src/stm32f1xx_hal_tim.o
                0x00000000080039de                HAL_TIM_IC_CaptureCallback
 .text.HAL_TIM_PWM_PulseFinishedCallback
                0x00000000080039f0       0x12 ./Drivers/STM32F1xx_HAL_Driver/Src/stm32f1xx_hal_tim.o
                0x00000000080039f0                HAL_TIM_PWM_PulseFinishedCallback
 .text.HAL_TIM_TriggerCallback
                0x0000000008003a02       0x12 ./Drivers/STM32F1xx_HAL_Driver/Src/stm32f1xx_hal_tim.o
                0x0000000008003a02                HAL_TIM_TriggerCallback
 .text.TIM_Base_SetConfig
                0x0000000008003a14       0xc4 ./Drivers/STM32F1xx_HAL_Driver/Src/stm32f1xx_hal_tim.o
                0x0000000008003a14                TIM_Base_SetConfig
 .text.TIM_OC1_SetConfig
                0x0000000008003ad8       0xcc ./Drivers/STM32F1xx_HAL_Driver/Src/stm32f1xx_hal_tim.o
 .text.TIM_OC2_SetConfig
                0x0000000008003ba4       0xd4 ./Drivers/STM32F1xx_HAL_Driver/Src/stm32f1xx_hal_tim.o
                0x0000000008003ba4                TIM_OC2_SetConfig
 .text.TIM_OC3_SetConfig
                0x0000000008003c78       0xd4 ./Drivers/STM32F1xx_HAL_Driver/Src/stm32f1xx_hal_tim.o
 .text.TIM_OC4_SetConfig
                0x0000000008003d4c       0x9c ./Drivers/STM32F1xx_HAL_Driver/Src/stm32f1xx_hal_tim.o
 .text.TIM_TI1_ConfigInputStage
                0x0000000008003de8       0x5c ./Drivers/STM32F1xx_HAL_Driver/Src/stm32f1xx_hal_tim.o
 .text.TIM_TI2_ConfigInputStage
                0x0000000008003e44       0x5e ./Drivers/STM32F1xx_HAL_Driver/Src/stm32f1xx_hal_tim.o
 .text.TIM_ITRx_SetConfig
                0x0000000008003ea2       0x34 ./Drivers/STM32F1xx_HAL_Driver/Src/stm32f1xx_hal_tim.o
 .text.TIM_ETR_SetConfig
                0x0000000008003ed6       0x3e ./Drivers/STM32F1xx_HAL_Driver/Src/stm32f1xx_hal_tim.o
                0x0000000008003ed6                TIM_ETR_SetConfig
 .text.TIM_CCxChannelCmd
                0x0000000008003f14       0x48 ./Drivers/STM32F1xx_HAL_Driver/Src/stm32f1xx_hal_tim.o
                0x0000000008003f14                TIM_CCxChannelCmd
 .text.HAL_TIMEx_MasterConfigSynchronization
                0x0000000008003f5c       0xbc ./Drivers/STM32F1xx_HAL_Driver/Src/stm32f1xx_hal_tim_ex.o
                0x0000000008003f5c                HAL_TIMEx_MasterConfigSynchronization
 .text.HAL_TIMEx_CommutCallback
                0x0000000008004018       0x12 ./Drivers/STM32F1xx_HAL_Driver/Src/stm32f1xx_hal_tim_ex.o
                0x0000000008004018                HAL_TIMEx_CommutCallback
 .text.HAL_TIMEx_BreakCallback
                0x000000000800402a       0x12 ./Drivers/STM32F1xx_HAL_Driver/Src/stm32f1xx_hal_tim_ex.o
                0x000000000800402a                HAL_TIMEx_BreakCallback
 .text.HAL_UART_Init
                0x000000000800403c       0x9a ./Drivers/STM32F1xx_HAL_Driver/Src/stm32f1xx_hal_uart.o
                0x000000000800403c                HAL_UART_Init
 .text.HAL_UART_Transmit
                0x00000000080040d6      0x124 ./Drivers/STM32F1xx_HAL_Driver/Src/stm32f1xx_hal_uart.o
                0x00000000080040d6                HAL_UART_Transmit
 *fill*         0x00000000080041fa        0x2 
 .text.HAL_UART_IRQHandler
                0x00000000080041fc      0x354 ./Drivers/STM32F1xx_HAL_Driver/Src/stm32f1xx_hal_uart.o
                0x00000000080041fc                HAL_UART_IRQHandler
 .text.HAL_UART_TxCpltCallback
                0x0000000008004550       0x12 ./Drivers/STM32F1xx_HAL_Driver/Src/stm32f1xx_hal_uart.o
                0x0000000008004550                HAL_UART_TxCpltCallback
 .text.HAL_UART_RxCpltCallback
                0x0000000008004562       0x12 ./Drivers/STM32F1xx_HAL_Driver/Src/stm32f1xx_hal_uart.o
                0x0000000008004562                HAL_UART_RxCpltCallback
 .text.HAL_UART_ErrorCallback
                0x0000000008004574       0x12 ./Drivers/STM32F1xx_HAL_Driver/Src/stm32f1xx_hal_uart.o
                0x0000000008004574                HAL_UART_ErrorCallback
 .text.HAL_UARTEx_RxEventCallback
                0x0000000008004586       0x16 ./Drivers/STM32F1xx_HAL_Driver/Src/stm32f1xx_hal_uart.o
                0x0000000008004586                HAL_UARTEx_RxEventCallback
 .text.UART_WaitOnFlagUntilTimeout
                0x000000000800459c       0x94 ./Drivers/STM32F1xx_HAL_Driver/Src/stm32f1xx_hal_uart.o
 .text.UART_EndRxTransfer
                0x0000000008004630       0x58 ./Drivers/STM32F1xx_HAL_Driver/Src/stm32f1xx_hal_uart.o
 .text.UART_DMAAbortOnError
                0x0000000008004688       0x28 ./Drivers/STM32F1xx_HAL_Driver/Src/stm32f1xx_hal_uart.o
 .text.UART_Transmit_IT
                0x00000000080046b0       0x9e ./Drivers/STM32F1xx_HAL_Driver/Src/stm32f1xx_hal_uart.o
 .text.UART_EndTransmit_IT
                0x000000000800474e       0x30 ./Drivers/STM32F1xx_HAL_Driver/Src/stm32f1xx_hal_uart.o
 .text.UART_Receive_IT
                0x000000000800477e      0x152 ./Drivers/STM32F1xx_HAL_Driver/Src/stm32f1xx_hal_uart.o
 .text.UART_SetConfig
                0x00000000080048d0      0x11c ./Drivers/STM32F1xx_HAL_Driver/Src/stm32f1xx_hal_uart.o
 .text.__errno  0x00000000080049ec        0xc c:/st/stm32cubeide_1.11.0/stm32cubeide/plugins/com.st.stm32cube.ide.mcu.externaltools.gnu-tools-for-stm32.10.3-2021.10.win32_1.0.100.202210260954/tools/bin/../lib/gcc/arm-none-eabi/10.3.1/../../../../arm-none-eabi/lib/thumb/v7-m/nofp\libc_nano.a(lib_a-errno.o)
                0x00000000080049ec                __errno
 .text.__libc_init_array
                0x00000000080049f8       0x48 c:/st/stm32cubeide_1.11.0/stm32cubeide/plugins/com.st.stm32cube.ide.mcu.externaltools.gnu-tools-for-stm32.10.3-2021.10.win32_1.0.100.202210260954/tools/bin/../lib/gcc/arm-none-eabi/10.3.1/../../../../arm-none-eabi/lib/thumb/v7-m/nofp\libc_nano.a(lib_a-init.o)
                0x00000000080049f8                __libc_init_array
 .text.memcpy   0x0000000008004a40       0x1c c:/st/stm32cubeide_1.11.0/stm32cubeide/plugins/com.st.stm32cube.ide.mcu.externaltools.gnu-tools-for-stm32.10.3-2021.10.win32_1.0.100.202210260954/tools/bin/../lib/gcc/arm-none-eabi/10.3.1/../../../../arm-none-eabi/lib/thumb/v7-m/nofp\libc_nano.a(lib_a-memcpy-stub.o)
                0x0000000008004a40                memcpy
 .text.memset   0x0000000008004a5c       0x10 c:/st/stm32cubeide_1.11.0/stm32cubeide/plugins/com.st.stm32cube.ide.mcu.externaltools.gnu-tools-for-stm32.10.3-2021.10.win32_1.0.100.202210260954/tools/bin/../lib/gcc/arm-none-eabi/10.3.1/../../../../arm-none-eabi/lib/thumb/v7-m/nofp\libc_nano.a(lib_a-memset.o)
                0x0000000008004a5c                memset
 .text.sprintf  0x0000000008004a6c       0x40 c:/st/stm32cubeide_1.11.0/stm32cubeide/plugins/com.st.stm32cube.ide.mcu.externaltools.gnu-tools-for-stm32.10.3-2021.10.win32_1.0.100.202210260954/tools/bin/../lib/gcc/arm-none-eabi/10.3.1/../../../../arm-none-eabi/lib/thumb/v7-m/nofp\libc_nano.a(lib_a-sprintf.o)
                0x0000000008004a6c                siprintf
                0x0000000008004a6c                sprintf
 .text.__ssputs_r
                0x0000000008004aac       0xb6 c:/st/stm32cubeide_1.11.0/stm32cubeide/plugins/com.st.stm32cube.ide.mcu.externaltools.gnu-tools-for-stm32.10.3-2021.10.win32_1.0.100.202210260954/tools/bin/../lib/gcc/arm-none-eabi/10.3.1/../../../../arm-none-eabi/lib/thumb/v7-m/nofp\libc_nano.a(lib_a-nano-svfprintf.o)
                0x0000000008004aac                __ssputs_r
 *fill*         0x0000000008004b62        0x2 
 .text._svfprintf_r
                0x0000000008004b64      0x200 c:/st/stm32cubeide_1.11.0/stm32cubeide/plugins/com.st.stm32cube.ide.mcu.externaltools.gnu-tools-for-stm32.10.3-2021.10.win32_1.0.100.202210260954/tools/bin/../lib/gcc/arm-none-eabi/10.3.1/../../../../arm-none-eabi/lib/thumb/v7-m/nofp\libc_nano.a(lib_a-nano-svfprintf.o)
                0x0000000008004b64                _svfiprintf_r
                0x0000000008004b64                _svfprintf_r
 .text._printf_common
                0x0000000008004d64       0xde c:/st/stm32cubeide_1.11.0/stm32cubeide/plugins/com.st.stm32cube.ide.mcu.externaltools.gnu-tools-for-stm32.10.3-2021.10.win32_1.0.100.202210260954/tools/bin/../lib/gcc/arm-none-eabi/10.3.1/../../../../arm-none-eabi/lib/thumb/v7-m/nofp\libc_nano.a(lib_a-nano-vfprintf_i.o)
                0x0000000008004d64                _printf_common
 *fill*         0x0000000008004e42        0x2 
 .text._printf_i
                0x0000000008004e44      0x24c c:/st/stm32cubeide_1.11.0/stm32cubeide/plugins/com.st.stm32cube.ide.mcu.externaltools.gnu-tools-for-stm32.10.3-2021.10.win32_1.0.100.202210260954/tools/bin/../lib/gcc/arm-none-eabi/10.3.1/../../../../arm-none-eabi/lib/thumb/v7-m/nofp\libc_nano.a(lib_a-nano-vfprintf_i.o)
                0x0000000008004e44                _printf_i
 .text.memchr   0x0000000008005090       0x1c c:/st/stm32cubeide_1.11.0/stm32cubeide/plugins/com.st.stm32cube.ide.mcu.externaltools.gnu-tools-for-stm32.10.3-2021.10.win32_1.0.100.202210260954/tools/bin/../lib/gcc/arm-none-eabi/10.3.1/../../../../arm-none-eabi/lib/thumb/v7-m/nofp\libc_nano.a(lib_a-memchr-stub.o)
                0x0000000008005090                memchr
 .text.memmove  0x00000000080050ac       0x34 c:/st/stm32cubeide_1.11.0/stm32cubeide/plugins/com.st.stm32cube.ide.mcu.externaltools.gnu-tools-for-stm32.10.3-2021.10.win32_1.0.100.202210260954/tools/bin/../lib/gcc/arm-none-eabi/10.3.1/../../../../arm-none-eabi/lib/thumb/v7-m/nofp\libc_nano.a(lib_a-memmove.o)
                0x00000000080050ac                memmove
 .text._free_r  0x00000000080050e0       0x90 c:/st/stm32cubeide_1.11.0/stm32cubeide/plugins/com.st.stm32cube.ide.mcu.externaltools.gnu-tools-for-stm32.10.3-2021.10.win32_1.0.100.202210260954/tools/bin/../lib/gcc/arm-none-eabi/10.3.1/../../../../arm-none-eabi/lib/thumb/v7-m/nofp\libc_nano.a(lib_a-nano-freer.o)
                0x00000000080050e0                _free_r
 .text.sbrk_aligned
                0x0000000008005170       0x40 c:/st/stm32cubeide_1.11.0/stm32cubeide/plugins/com.st.stm32cube.ide.mcu.externaltools.gnu-tools-for-stm32.10.3-2021.10.win32_1.0.100.202210260954/tools/bin/../lib/gcc/arm-none-eabi/10.3.1/../../../../arm-none-eabi/lib/thumb/v7-m/nofp\libc_nano.a(lib_a-nano-mallocr.o)
 .text._malloc_r
                0x00000000080051b0       0xe8 c:/st/stm32cubeide_1.11.0/stm32cubeide/plugins/com.st.stm32cube.ide.mcu.externaltools.gnu-tools-for-stm32.10.3-2021.10.win32_1.0.100.202210260954/tools/bin/../lib/gcc/arm-none-eabi/10.3.1/../../../../arm-none-eabi/lib/thumb/v7-m/nofp\libc_nano.a(lib_a-nano-mallocr.o)
                0x00000000080051b0                _malloc_r
 .text._realloc_r
                0x0000000008005298       0x5e c:/st/stm32cubeide_1.11.0/stm32cubeide/plugins/com.st.stm32cube.ide.mcu.externaltools.gnu-tools-for-stm32.10.3-2021.10.win32_1.0.100.202210260954/tools/bin/../lib/gcc/arm-none-eabi/10.3.1/../../../../arm-none-eabi/lib/thumb/v7-m/nofp\libc_nano.a(lib_a-nano-reallocr.o)
                0x0000000008005298                _realloc_r
 *fill*         0x00000000080052f6        0x2 
 .text._sbrk_r  0x00000000080052f8       0x20 c:/st/stm32cubeide_1.11.0/stm32cubeide/plugins/com.st.stm32cube.ide.mcu.externaltools.gnu-tools-for-stm32.10.3-2021.10.win32_1.0.100.202210260954/tools/bin/../lib/gcc/arm-none-eabi/10.3.1/../../../../arm-none-eabi/lib/thumb/v7-m/nofp\libc_nano.a(lib_a-sbrkr.o)
                0x00000000080052f8                _sbrk_r
 .text.__malloc_lock
                0x0000000008005318        0xc c:/st/stm32cubeide_1.11.0/stm32cubeide/plugins/com.st.stm32cube.ide.mcu.externaltools.gnu-tools-for-stm32.10.3-2021.10.win32_1.0.100.202210260954/tools/bin/../lib/gcc/arm-none-eabi/10.3.1/../../../../arm-none-eabi/lib/thumb/v7-m/nofp\libc_nano.a(lib_a-mlock.o)
                0x0000000008005318                __malloc_lock
 .text.__malloc_unlock
                0x0000000008005324        0xc c:/st/stm32cubeide_1.11.0/stm32cubeide/plugins/com.st.stm32cube.ide.mcu.externaltools.gnu-tools-for-stm32.10.3-2021.10.win32_1.0.100.202210260954/tools/bin/../lib/gcc/arm-none-eabi/10.3.1/../../../../arm-none-eabi/lib/thumb/v7-m/nofp\libc_nano.a(lib_a-mlock.o)
                0x0000000008005324                __malloc_unlock
 .text._malloc_usable_size_r
                0x0000000008005330       0x10 c:/st/stm32cubeide_1.11.0/stm32cubeide/plugins/com.st.stm32cube.ide.mcu.externaltools.gnu-tools-for-stm32.10.3-2021.10.win32_1.0.100.202210260954/tools/bin/../lib/gcc/arm-none-eabi/10.3.1/../../../../arm-none-eabi/lib/thumb/v7-m/nofp\libc_nano.a(lib_a-nano-msizer.o)
                0x0000000008005330                _malloc_usable_size_r
 .text.__retarget_lock_acquire_recursive
                0x0000000008005340        0x2 c:/st/stm32cubeide_1.11.0/stm32cubeide/plugins/com.st.stm32cube.ide.mcu.externaltools.gnu-tools-for-stm32.10.3-2021.10.win32_1.0.100.202210260954/tools/bin/../lib/gcc/arm-none-eabi/10.3.1/../../../../arm-none-eabi/lib/thumb/v7-m/nofp\libc_nano.a(lib_a-lock.o)
                0x0000000008005340                __retarget_lock_acquire_recursive
 .text.__retarget_lock_release_recursive
                0x0000000008005342        0x2 c:/st/stm32cubeide_1.11.0/stm32cubeide/plugins/com.st.stm32cube.ide.mcu.externaltools.gnu-tools-for-stm32.10.3-2021.10.win32_1.0.100.202210260954/tools/bin/../lib/gcc/arm-none-eabi/10.3.1/../../../../arm-none-eabi/lib/thumb/v7-m/nofp\libc_nano.a(lib_a-lock.o)
                0x0000000008005342                __retarget_lock_release_recursive
 *(.glue_7)
 .glue_7        0x0000000008005344        0x0 linker stubs
 *(.glue_7t)
 .glue_7t       0x0000000008005344        0x0 linker stubs
 *(.eh_frame)
 .eh_frame      0x0000000008005344        0x0 c:/st/stm32cubeide_1.11.0/stm32cubeide/plugins/com.st.stm32cube.ide.mcu.externaltools.gnu-tools-for-stm32.10.3-2021.10.win32_1.0.100.202210260954/tools/bin/../lib/gcc/arm-none-eabi/10.3.1/thumb/v7-m/nofp/crtbegin.o
 *(.init)
 .init          0x0000000008005344        0x4 c:/st/stm32cubeide_1.11.0/stm32cubeide/plugins/com.st.stm32cube.ide.mcu.externaltools.gnu-tools-for-stm32.10.3-2021.10.win32_1.0.100.202210260954/tools/bin/../lib/gcc/arm-none-eabi/10.3.1/thumb/v7-m/nofp/crti.o
                0x0000000008005344                _init
 .init          0x0000000008005348        0x8 c:/st/stm32cubeide_1.11.0/stm32cubeide/plugins/com.st.stm32cube.ide.mcu.externaltools.gnu-tools-for-stm32.10.3-2021.10.win32_1.0.100.202210260954/tools/bin/../lib/gcc/arm-none-eabi/10.3.1/thumb/v7-m/nofp/crtn.o
 *(.fini)
 .fini          0x0000000008005350        0x4 c:/st/stm32cubeide_1.11.0/stm32cubeide/plugins/com.st.stm32cube.ide.mcu.externaltools.gnu-tools-for-stm32.10.3-2021.10.win32_1.0.100.202210260954/tools/bin/../lib/gcc/arm-none-eabi/10.3.1/thumb/v7-m/nofp/crti.o
                0x0000000008005350                _fini
 .fini          0x0000000008005354        0x8 c:/st/stm32cubeide_1.11.0/stm32cubeide/plugins/com.st.stm32cube.ide.mcu.externaltools.gnu-tools-for-stm32.10.3-2021.10.win32_1.0.100.202210260954/tools/bin/../lib/gcc/arm-none-eabi/10.3.1/thumb/v7-m/nofp/crtn.o
                0x000000000800535c                . = ALIGN (0x4)
                0x000000000800535c                _etext = .

.vfp11_veneer   0x000000000800535c        0x0
 .vfp11_veneer  0x000000000800535c        0x0 linker stubs

.v4_bx          0x000000000800535c        0x0
 .v4_bx         0x000000000800535c        0x0 linker stubs

.iplt           0x000000000800535c        0x0
 .iplt          0x000000000800535c        0x0 c:/st/stm32cubeide_1.11.0/stm32cubeide/plugins/com.st.stm32cube.ide.mcu.externaltools.gnu-tools-for-stm32.10.3-2021.10.win32_1.0.100.202210260954/tools/bin/../lib/gcc/arm-none-eabi/10.3.1/thumb/v7-m/nofp/crtbegin.o

.rodata         0x000000000800535c      0x234
                0x000000000800535c                . = ALIGN (0x4)
 *(.rodata)
 .rodata        0x000000000800535c        0xd ./Core/Src/automatic_fsm.o
 *fill*         0x0000000008005369        0x3 
 .rodata        0x000000000800536c       0x10 ./Drivers/STM32F1xx_HAL_Driver/Src/stm32f1xx_hal_rcc.o
 *(.rodata*)
 .rodata.OK_Melody
                0x000000000800537c       0x98 ./Core/Src/Melody.o
                0x000000000800537c                OK_Melody
 .rodata.ERROR_Melody
                0x0000000008005414       0x98 ./Core/Src/Melody.o
                0x0000000008005414                ERROR_Melody
 .rodata.TOUCH1_Melody
                0x00000000080054ac       0x98 ./Core/Src/Melody.o
                0x00000000080054ac                TOUCH1_Melody
 .rodata.AHBPrescTable
                0x0000000008005544       0x10 ./Core/Src/system_stm32f1xx.o
                0x0000000008005544                AHBPrescTable
 .rodata.APBPrescTable
                0x0000000008005554        0x8 ./Core/Src/system_stm32f1xx.o
                0x0000000008005554                APBPrescTable
 .rodata._svfprintf_r.str1.1
                0x000000000800555c       0x11 c:/st/stm32cubeide_1.11.0/stm32cubeide/plugins/com.st.stm32cube.ide.mcu.externaltools.gnu-tools-for-stm32.10.3-2021.10.win32_1.0.100.202210260954/tools/bin/../lib/gcc/arm-none-eabi/10.3.1/../../../../arm-none-eabi/lib/thumb/v7-m/nofp\libc_nano.a(lib_a-nano-svfprintf.o)
 .rodata._printf_i.str1.1
                0x000000000800556d       0x22 c:/st/stm32cubeide_1.11.0/stm32cubeide/plugins/com.st.stm32cube.ide.mcu.externaltools.gnu-tools-for-stm32.10.3-2021.10.win32_1.0.100.202210260954/tools/bin/../lib/gcc/arm-none-eabi/10.3.1/../../../../arm-none-eabi/lib/thumb/v7-m/nofp\libc_nano.a(lib_a-nano-vfprintf_i.o)
                0x0000000008005590                . = ALIGN (0x4)
 *fill*         0x000000000800558f        0x1 

.rel.dyn        0x0000000008005590        0x0
 .rel.iplt      0x0000000008005590        0x0 c:/st/stm32cubeide_1.11.0/stm32cubeide/plugins/com.st.stm32cube.ide.mcu.externaltools.gnu-tools-for-stm32.10.3-2021.10.win32_1.0.100.202210260954/tools/bin/../lib/gcc/arm-none-eabi/10.3.1/thumb/v7-m/nofp/crtbegin.o

.ARM.extab      0x0000000008005590        0x0
                0x0000000008005590                . = ALIGN (0x4)
 *(.ARM.extab* .gnu.linkonce.armextab.*)
                0x0000000008005590                . = ALIGN (0x4)

.ARM            0x0000000008005590        0x0
                0x0000000008005590                . = ALIGN (0x4)
                0x0000000008005590                __exidx_start = .
 *(.ARM.exidx*)
                0x0000000008005590                __exidx_end = .
                0x0000000008005590                . = ALIGN (0x4)

.preinit_array  0x0000000008005590        0x0
                0x0000000008005590                . = ALIGN (0x4)
                0x0000000008005590                PROVIDE (__preinit_array_start = .)
 *(.preinit_array*)
                0x0000000008005590                PROVIDE (__preinit_array_end = .)
                0x0000000008005590                . = ALIGN (0x4)

.init_array     0x0000000008005590        0x4
                0x0000000008005590                . = ALIGN (0x4)
                0x0000000008005590                PROVIDE (__init_array_start = .)
 *(SORT_BY_NAME(.init_array.*))
 *(.init_array*)
 .init_array    0x0000000008005590        0x4 c:/st/stm32cubeide_1.11.0/stm32cubeide/plugins/com.st.stm32cube.ide.mcu.externaltools.gnu-tools-for-stm32.10.3-2021.10.win32_1.0.100.202210260954/tools/bin/../lib/gcc/arm-none-eabi/10.3.1/thumb/v7-m/nofp/crtbegin.o
                0x0000000008005594                PROVIDE (__init_array_end = .)
                0x0000000008005594                . = ALIGN (0x4)

.fini_array     0x0000000008005594        0x4
                0x0000000008005594                . = ALIGN (0x4)
                [!provide]                        PROVIDE (__fini_array_start = .)
 *(SORT_BY_NAME(.fini_array.*))
 *(.fini_array*)
 .fini_array    0x0000000008005594        0x4 c:/st/stm32cubeide_1.11.0/stm32cubeide/plugins/com.st.stm32cube.ide.mcu.externaltools.gnu-tools-for-stm32.10.3-2021.10.win32_1.0.100.202210260954/tools/bin/../lib/gcc/arm-none-eabi/10.3.1/thumb/v7-m/nofp/crtbegin.o
                [!provide]                        PROVIDE (__fini_array_end = .)
                0x0000000008005598                . = ALIGN (0x4)
                0x0000000008005598                _sidata = LOADADDR (.data)

.data           0x0000000020000000       0xd8 load address 0x0000000008005598
                0x0000000020000000                . = ALIGN (0x4)
                0x0000000020000000                _sdata = .
 *(.data)
 *(.data*)
 .data.KeyReg0  0x0000000020000000       0x10 ./Core/Src/button.o
                0x0000000020000000                KeyReg0
 .data.KeyReg1  0x0000000020000010       0x10 ./Core/Src/button.o
                0x0000000020000010                KeyReg1
 .data.KeyReg2  0x0000000020000020       0x10 ./Core/Src/button.o
                0x0000000020000020                KeyReg2
 .data.KeyReg3  0x0000000020000030       0x10 ./Core/Src/button.o
                0x0000000020000030                KeyReg3
 .data.Button   0x0000000020000040       0x10 ./Core/Src/button.o
                0x0000000020000040                Button
 .data.Port     0x0000000020000050       0x10 ./Core/Src/button.o
                0x0000000020000050                Port
 .data.TimeOutForKeyPress
                0x0000000020000060        0x4 ./Core/Src/button.o
                0x0000000020000060                TimeOutForKeyPress
 .data.counterPEDESTRIAN
                0x0000000020000064        0x4 ./Core/Src/fsm_auto.o
                0x0000000020000064                counterPEDESTRIAN
 .data.SystemCoreClock
                0x0000000020000068        0x4 ./Core/Src/system_stm32f1xx.o
                0x0000000020000068                SystemCoreClock
 .data.uwTickPrio
                0x000000002000006c        0x4 ./Drivers/STM32F1xx_HAL_Driver/Src/stm32f1xx_hal.o
                0x000000002000006c                uwTickPrio
 .data.uwTickFreq
                0x0000000020000070        0x1 ./Drivers/STM32F1xx_HAL_Driver/Src/stm32f1xx_hal.o
                0x0000000020000070                uwTickFreq
 *fill*         0x0000000020000071        0x3 
 .data._impure_ptr
                0x0000000020000074        0x4 c:/st/stm32cubeide_1.11.0/stm32cubeide/plugins/com.st.stm32cube.ide.mcu.externaltools.gnu-tools-for-stm32.10.3-2021.10.win32_1.0.100.202210260954/tools/bin/../lib/gcc/arm-none-eabi/10.3.1/../../../../arm-none-eabi/lib/thumb/v7-m/nofp\libc_nano.a(lib_a-impure.o)
                0x0000000020000074                _impure_ptr
 .data.impure_data
                0x0000000020000078       0x60 c:/st/stm32cubeide_1.11.0/stm32cubeide/plugins/com.st.stm32cube.ide.mcu.externaltools.gnu-tools-for-stm32.10.3-2021.10.win32_1.0.100.202210260954/tools/bin/../lib/gcc/arm-none-eabi/10.3.1/../../../../arm-none-eabi/lib/thumb/v7-m/nofp\libc_nano.a(lib_a-impure.o)
 *(.RamFunc)
 *(.RamFunc*)
                0x00000000200000d8                . = ALIGN (0x4)
                0x00000000200000d8                _edata = .

.igot.plt       0x00000000200000d8        0x0 load address 0x0000000008005670
 .igot.plt      0x00000000200000d8        0x0 c:/st/stm32cubeide_1.11.0/stm32cubeide/plugins/com.st.stm32cube.ide.mcu.externaltools.gnu-tools-for-stm32.10.3-2021.10.win32_1.0.100.202210260954/tools/bin/../lib/gcc/arm-none-eabi/10.3.1/thumb/v7-m/nofp/crtbegin.o
                0x00000000200000d8                . = ALIGN (0x4)

.bss            0x00000000200000d8      0x1e0 load address 0x0000000008005670
                0x00000000200000d8                _sbss = .
                0x00000000200000d8                __bss_start__ = _sbss
 *(.bss)
 .bss           0x00000000200000d8       0x1c c:/st/stm32cubeide_1.11.0/stm32cubeide/plugins/com.st.stm32cube.ide.mcu.externaltools.gnu-tools-for-stm32.10.3-2021.10.win32_1.0.100.202210260954/tools/bin/../lib/gcc/arm-none-eabi/10.3.1/thumb/v7-m/nofp/crtbegin.o
 *(.bss*)
 .bss.ADC_value
                0x00000000200000f4        0x4 ./Core/Src/automatic_fsm.o
                0x00000000200000f4                ADC_value
 .bss.button_flag
                0x00000000200000f8       0x10 ./Core/Src/button.o
                0x00000000200000f8                button_flag
 .bss.mode      0x0000000020000108        0x4 ./Core/Src/global.o
                0x0000000020000108                mode
 .bss.west_traffic
                0x000000002000010c        0x4 ./Core/Src/global.o
                0x000000002000010c                west_traffic
 .bss.north_traffic
                0x0000000020000110        0x4 ./Core/Src/global.o
                0x0000000020000110                north_traffic
 .bss.mode_change
                0x0000000020000114        0x4 ./Core/Src/global.o
                0x0000000020000114                mode_change
 .bss.Stat_M2_1
                0x0000000020000118        0x4 ./Core/Src/global.o
                0x0000000020000118                Stat_M2_1
 .bss.Stat_M2_3
                0x000000002000011c        0x4 ./Core/Src/global.o
                0x000000002000011c                Stat_M2_3
 .bss.Stat_M3_1
                0x0000000020000120        0x4 ./Core/Src/global.o
                0x0000000020000120                Stat_M3_1
 .bss.Stat_M3_3
                0x0000000020000124        0x4 ./Core/Src/global.o
                0x0000000020000124                Stat_M3_3
 .bss.AUTO_RED  0x0000000020000128        0x4 ./Core/Src/global.o
                0x0000000020000128                AUTO_RED
 .bss.AUTO_YELLOW
                0x000000002000012c        0x4 ./Core/Src/global.o
                0x000000002000012c                AUTO_YELLOW
 .bss.AUTO_GREEN
                0x0000000020000130        0x4 ./Core/Src/global.o
                0x0000000020000130                AUTO_GREEN
 .bss.counterRED_WEST
                0x0000000020000134        0x4 ./Core/Src/global.o
                0x0000000020000134                counterRED_WEST
 .bss.counterGREEN_WEST
                0x0000000020000138        0x4 ./Core/Src/global.o
                0x0000000020000138                counterGREEN_WEST
 .bss.counterYELLOW_WEST
                0x000000002000013c        0x4 ./Core/Src/global.o
                0x000000002000013c                counterYELLOW_WEST
 .bss.counterRED_NORTH
                0x0000000020000140        0x4 ./Core/Src/global.o
                0x0000000020000140                counterRED_NORTH
 .bss.counterGREEN_NORTH
                0x0000000020000144        0x4 ./Core/Src/global.o
                0x0000000020000144                counterGREEN_NORTH
 .bss.counterYELLOW_NORTH
                0x0000000020000148        0x4 ./Core/Src/global.o
                0x0000000020000148                counterYELLOW_NORTH
 .bss.hadc1     0x000000002000014c       0x30 ./Core/Src/main.o
                0x000000002000014c                hadc1
 .bss.htim2     0x000000002000017c       0x48 ./Core/Src/main.o
                0x000000002000017c                htim2
 .bss.htim3     0x00000000200001c4       0x48 ./Core/Src/main.o
                0x00000000200001c4                htim3
 .bss.huart2    0x000000002000020c       0x44 ./Core/Src/main.o
                0x000000002000020c                huart2
 .bss.timer1_counter
                0x0000000020000250        0x4 ./Core/Src/software_timer.o
                0x0000000020000250                timer1_counter
 .bss.timer1_flag
                0x0000000020000254        0x4 ./Core/Src/software_timer.o
                0x0000000020000254                timer1_flag
 .bss.timer2_counter
                0x0000000020000258        0x4 ./Core/Src/software_timer.o
                0x0000000020000258                timer2_counter
 .bss.timer2_flag
                0x000000002000025c        0x4 ./Core/Src/software_timer.o
                0x000000002000025c                timer2_flag
 .bss.timer3_counter
                0x0000000020000260        0x4 ./Core/Src/software_timer.o
                0x0000000020000260                timer3_counter
 .bss.timer3_flag
                0x0000000020000264        0x4 ./Core/Src/software_timer.o
                0x0000000020000264                timer3_flag
 .bss.timer4_counter
                0x0000000020000268        0x4 ./Core/Src/software_timer.o
                0x0000000020000268                timer4_counter
 .bss.timer4_flag
                0x000000002000026c        0x4 ./Core/Src/software_timer.o
                0x000000002000026c                timer4_flag
 .bss.timer5_counter
                0x0000000020000270        0x4 ./Core/Src/software_timer.o
                0x0000000020000270                timer5_counter
 .bss.timer5_flag
                0x0000000020000274        0x4 ./Core/Src/software_timer.o
                0x0000000020000274                timer5_flag
 .bss.timer6_counter
                0x0000000020000278        0x4 ./Core/Src/software_timer.o
                0x0000000020000278                timer6_counter
 .bss.timer6_flag
                0x000000002000027c        0x4 ./Core/Src/software_timer.o
                0x000000002000027c                timer6_flag
 .bss.timer7_counter
                0x0000000020000280        0x4 ./Core/Src/software_timer.o
                0x0000000020000280                timer7_counter
 .bss.timer7_flag
                0x0000000020000284        0x4 ./Core/Src/software_timer.o
                0x0000000020000284                timer7_flag
 .bss.timer8_counter
                0x0000000020000288        0x4 ./Core/Src/software_timer.o
                0x0000000020000288                timer8_counter
 .bss.timer8_flag
                0x000000002000028c        0x4 ./Core/Src/software_timer.o
                0x000000002000028c                timer8_flag
 .bss.timer9_counter
                0x0000000020000290        0x4 ./Core/Src/software_timer.o
                0x0000000020000290                timer9_counter
 .bss.timer9_flag
                0x0000000020000294        0x4 ./Core/Src/software_timer.o
                0x0000000020000294                timer9_flag
 .bss.timer10_counter
                0x0000000020000298        0x4 ./Core/Src/software_timer.o
                0x0000000020000298                timer10_counter
 .bss.timer10_flag
                0x000000002000029c        0x4 ./Core/Src/software_timer.o
                0x000000002000029c                timer10_flag
 .bss.__sbrk_heap_end
                0x00000000200002a0        0x4 ./Core/Src/sysmem.o
 .bss.uwTick    0x00000000200002a4        0x4 ./Drivers/STM32F1xx_HAL_Driver/Src/stm32f1xx_hal.o
                0x00000000200002a4                uwTick
 .bss.__malloc_free_list
                0x00000000200002a8        0x4 c:/st/stm32cubeide_1.11.0/stm32cubeide/plugins/com.st.stm32cube.ide.mcu.externaltools.gnu-tools-for-stm32.10.3-2021.10.win32_1.0.100.202210260954/tools/bin/../lib/gcc/arm-none-eabi/10.3.1/../../../../arm-none-eabi/lib/thumb/v7-m/nofp\libc_nano.a(lib_a-nano-mallocr.o)
                0x00000000200002a8                __malloc_free_list
 .bss.__malloc_sbrk_start
                0x00000000200002ac        0x4 c:/st/stm32cubeide_1.11.0/stm32cubeide/plugins/com.st.stm32cube.ide.mcu.externaltools.gnu-tools-for-stm32.10.3-2021.10.win32_1.0.100.202210260954/tools/bin/../lib/gcc/arm-none-eabi/10.3.1/../../../../arm-none-eabi/lib/thumb/v7-m/nofp\libc_nano.a(lib_a-nano-mallocr.o)
                0x00000000200002ac                __malloc_sbrk_start
 .bss.errno     0x00000000200002b0        0x4 c:/st/stm32cubeide_1.11.0/stm32cubeide/plugins/com.st.stm32cube.ide.mcu.externaltools.gnu-tools-for-stm32.10.3-2021.10.win32_1.0.100.202210260954/tools/bin/../lib/gcc/arm-none-eabi/10.3.1/../../../../arm-none-eabi/lib/thumb/v7-m/nofp\libc_nano.a(lib_a-reent.o)
                0x00000000200002b0                errno
 .bss.__lock___malloc_recursive_mutex
                0x00000000200002b4        0x1 c:/st/stm32cubeide_1.11.0/stm32cubeide/plugins/com.st.stm32cube.ide.mcu.externaltools.gnu-tools-for-stm32.10.3-2021.10.win32_1.0.100.202210260954/tools/bin/../lib/gcc/arm-none-eabi/10.3.1/../../../../arm-none-eabi/lib/thumb/v7-m/nofp\libc_nano.a(lib_a-lock.o)
                0x00000000200002b4                __lock___malloc_recursive_mutex
 *(COMMON)
                0x00000000200002b8                . = ALIGN (0x4)
 *fill*         0x00000000200002b5        0x3 
                0x00000000200002b8                _ebss = .
                0x00000000200002b8                __bss_end__ = _ebss

._user_heap_stack
                0x00000000200002b8      0x600 load address 0x0000000008005670
                0x00000000200002b8                . = ALIGN (0x8)
                [!provide]                        PROVIDE (end = .)
                0x00000000200002b8                PROVIDE (_end = .)
                0x00000000200004b8                . = (. + _Min_Heap_Size)
 *fill*         0x00000000200002b8      0x200 
                0x00000000200008b8                . = (. + _Min_Stack_Size)
 *fill*         0x00000000200004b8      0x400 
                0x00000000200008b8                . = ALIGN (0x8)

/DISCARD/
 libc.a(*)
 libm.a(*)
 libgcc.a(*)

.ARM.attributes
                0x0000000000000000       0x29
 *(.ARM.attributes)
 .ARM.attributes
                0x0000000000000000       0x1d c:/st/stm32cubeide_1.11.0/stm32cubeide/plugins/com.st.stm32cube.ide.mcu.externaltools.gnu-tools-for-stm32.10.3-2021.10.win32_1.0.100.202210260954/tools/bin/../lib/gcc/arm-none-eabi/10.3.1/thumb/v7-m/nofp/crti.o
 .ARM.attributes
                0x000000000000001d       0x2d c:/st/stm32cubeide_1.11.0/stm32cubeide/plugins/com.st.stm32cube.ide.mcu.externaltools.gnu-tools-for-stm32.10.3-2021.10.win32_1.0.100.202210260954/tools/bin/../lib/gcc/arm-none-eabi/10.3.1/thumb/v7-m/nofp/crtbegin.o
 .ARM.attributes
                0x000000000000004a       0x2d ./Core/Src/Melody.o
 .ARM.attributes
                0x0000000000000077       0x2d ./Core/Src/automatic_fsm.o
 .ARM.attributes
                0x00000000000000a4       0x2d ./Core/Src/button.o
 .ARM.attributes
                0x00000000000000d1       0x2d ./Core/Src/fsm_auto.o
 .ARM.attributes
                0x00000000000000fe       0x2d ./Core/Src/fsm_manual.o
 .ARM.attributes
                0x000000000000012b       0x2d ./Core/Src/global.o
 .ARM.attributes
                0x0000000000000158       0x2d ./Core/Src/led_disp.o
 .ARM.attributes
                0x0000000000000185       0x2d ./Core/Src/main.o
 .ARM.attributes
                0x00000000000001b2       0x2d ./Core/Src/software_timer.o
 .ARM.attributes
                0x00000000000001df       0x2d ./Core/Src/stm32f1xx_hal_msp.o
 .ARM.attributes
                0x000000000000020c       0x2d ./Core/Src/stm32f1xx_it.o
 .ARM.attributes
                0x0000000000000239       0x2d ./Core/Src/sysmem.o
 .ARM.attributes
                0x0000000000000266       0x2d ./Core/Src/system_stm32f1xx.o
 .ARM.attributes
                0x0000000000000293       0x21 ./Core/Startup/startup_stm32f103rbtx.o
 .ARM.attributes
                0x00000000000002b4       0x2d ./Drivers/STM32F1xx_HAL_Driver/Src/stm32f1xx_hal.o
 .ARM.attributes
                0x00000000000002e1       0x2d ./Drivers/STM32F1xx_HAL_Driver/Src/stm32f1xx_hal_adc.o
 .ARM.attributes
                0x000000000000030e       0x2d ./Drivers/STM32F1xx_HAL_Driver/Src/stm32f1xx_hal_adc_ex.o
 .ARM.attributes
                0x000000000000033b       0x2d ./Drivers/STM32F1xx_HAL_Driver/Src/stm32f1xx_hal_cortex.o
 .ARM.attributes
                0x0000000000000368       0x2d ./Drivers/STM32F1xx_HAL_Driver/Src/stm32f1xx_hal_dma.o
 .ARM.attributes
                0x0000000000000395       0x2d ./Drivers/STM32F1xx_HAL_Driver/Src/stm32f1xx_hal_gpio.o
 .ARM.attributes
                0x00000000000003c2       0x2d ./Drivers/STM32F1xx_HAL_Driver/Src/stm32f1xx_hal_rcc.o
 .ARM.attributes
                0x00000000000003ef       0x2d ./Drivers/STM32F1xx_HAL_Driver/Src/stm32f1xx_hal_rcc_ex.o
 .ARM.attributes
                0x000000000000041c       0x2d ./Drivers/STM32F1xx_HAL_Driver/Src/stm32f1xx_hal_tim.o
 .ARM.attributes
                0x0000000000000449       0x2d ./Drivers/STM32F1xx_HAL_Driver/Src/stm32f1xx_hal_tim_ex.o
 .ARM.attributes
                0x0000000000000476       0x2d ./Drivers/STM32F1xx_HAL_Driver/Src/stm32f1xx_hal_uart.o
 .ARM.attributes
                0x00000000000004a3       0x2d c:/st/stm32cubeide_1.11.0/stm32cubeide/plugins/com.st.stm32cube.ide.mcu.externaltools.gnu-tools-for-stm32.10.3-2021.10.win32_1.0.100.202210260954/tools/bin/../lib/gcc/arm-none-eabi/10.3.1/../../../../arm-none-eabi/lib/thumb/v7-m/nofp\libc_nano.a(lib_a-errno.o)
 .ARM.attributes
                0x00000000000004d0       0x2d c:/st/stm32cubeide_1.11.0/stm32cubeide/plugins/com.st.stm32cube.ide.mcu.externaltools.gnu-tools-for-stm32.10.3-2021.10.win32_1.0.100.202210260954/tools/bin/../lib/gcc/arm-none-eabi/10.3.1/../../../../arm-none-eabi/lib/thumb/v7-m/nofp\libc_nano.a(lib_a-impure.o)
 .ARM.attributes
                0x00000000000004fd       0x2d c:/st/stm32cubeide_1.11.0/stm32cubeide/plugins/com.st.stm32cube.ide.mcu.externaltools.gnu-tools-for-stm32.10.3-2021.10.win32_1.0.100.202210260954/tools/bin/../lib/gcc/arm-none-eabi/10.3.1/../../../../arm-none-eabi/lib/thumb/v7-m/nofp\libc_nano.a(lib_a-init.o)
 .ARM.attributes
                0x000000000000052a       0x2d c:/st/stm32cubeide_1.11.0/stm32cubeide/plugins/com.st.stm32cube.ide.mcu.externaltools.gnu-tools-for-stm32.10.3-2021.10.win32_1.0.100.202210260954/tools/bin/../lib/gcc/arm-none-eabi/10.3.1/../../../../arm-none-eabi/lib/thumb/v7-m/nofp\libc_nano.a(lib_a-memcpy-stub.o)
 .ARM.attributes
                0x0000000000000557       0x2d c:/st/stm32cubeide_1.11.0/stm32cubeide/plugins/com.st.stm32cube.ide.mcu.externaltools.gnu-tools-for-stm32.10.3-2021.10.win32_1.0.100.202210260954/tools/bin/../lib/gcc/arm-none-eabi/10.3.1/../../../../arm-none-eabi/lib/thumb/v7-m/nofp\libc_nano.a(lib_a-memset.o)
 .ARM.attributes
                0x0000000000000584       0x2d c:/st/stm32cubeide_1.11.0/stm32cubeide/plugins/com.st.stm32cube.ide.mcu.externaltools.gnu-tools-for-stm32.10.3-2021.10.win32_1.0.100.202210260954/tools/bin/../lib/gcc/arm-none-eabi/10.3.1/../../../../arm-none-eabi/lib/thumb/v7-m/nofp\libc_nano.a(lib_a-sprintf.o)
 .ARM.attributes
                0x00000000000005b1       0x2d c:/st/stm32cubeide_1.11.0/stm32cubeide/plugins/com.st.stm32cube.ide.mcu.externaltools.gnu-tools-for-stm32.10.3-2021.10.win32_1.0.100.202210260954/tools/bin/../lib/gcc/arm-none-eabi/10.3.1/../../../../arm-none-eabi/lib/thumb/v7-m/nofp\libc_nano.a(lib_a-nano-svfprintf.o)
 .ARM.attributes
                0x00000000000005de       0x2d c:/st/stm32cubeide_1.11.0/stm32cubeide/plugins/com.st.stm32cube.ide.mcu.externaltools.gnu-tools-for-stm32.10.3-2021.10.win32_1.0.100.202210260954/tools/bin/../lib/gcc/arm-none-eabi/10.3.1/../../../../arm-none-eabi/lib/thumb/v7-m/nofp\libc_nano.a(lib_a-nano-vfprintf_i.o)
 .ARM.attributes
                0x000000000000060b       0x2d c:/st/stm32cubeide_1.11.0/stm32cubeide/plugins/com.st.stm32cube.ide.mcu.externaltools.gnu-tools-for-stm32.10.3-2021.10.win32_1.0.100.202210260954/tools/bin/../lib/gcc/arm-none-eabi/10.3.1/../../../../arm-none-eabi/lib/thumb/v7-m/nofp\libc_nano.a(lib_a-memchr-stub.o)
 .ARM.attributes
                0x0000000000000638       0x2d c:/st/stm32cubeide_1.11.0/stm32cubeide/plugins/com.st.stm32cube.ide.mcu.externaltools.gnu-tools-for-stm32.10.3-2021.10.win32_1.0.100.202210260954/tools/bin/../lib/gcc/arm-none-eabi/10.3.1/../../../../arm-none-eabi/lib/thumb/v7-m/nofp\libc_nano.a(lib_a-memmove.o)
 .ARM.attributes
                0x0000000000000665       0x2d c:/st/stm32cubeide_1.11.0/stm32cubeide/plugins/com.st.stm32cube.ide.mcu.externaltools.gnu-tools-for-stm32.10.3-2021.10.win32_1.0.100.202210260954/tools/bin/../lib/gcc/arm-none-eabi/10.3.1/../../../../arm-none-eabi/lib/thumb/v7-m/nofp\libc_nano.a(lib_a-nano-freer.o)
 .ARM.attributes
                0x0000000000000692       0x2d c:/st/stm32cubeide_1.11.0/stm32cubeide/plugins/com.st.stm32cube.ide.mcu.externaltools.gnu-tools-for-stm32.10.3-2021.10.win32_1.0.100.202210260954/tools/bin/../lib/gcc/arm-none-eabi/10.3.1/../../../../arm-none-eabi/lib/thumb/v7-m/nofp\libc_nano.a(lib_a-nano-mallocr.o)
 .ARM.attributes
                0x00000000000006bf       0x2d c:/st/stm32cubeide_1.11.0/stm32cubeide/plugins/com.st.stm32cube.ide.mcu.externaltools.gnu-tools-for-stm32.10.3-2021.10.win32_1.0.100.202210260954/tools/bin/../lib/gcc/arm-none-eabi/10.3.1/../../../../arm-none-eabi/lib/thumb/v7-m/nofp\libc_nano.a(lib_a-nano-reallocr.o)
 .ARM.attributes
                0x00000000000006ec       0x2d c:/st/stm32cubeide_1.11.0/stm32cubeide/plugins/com.st.stm32cube.ide.mcu.externaltools.gnu-tools-for-stm32.10.3-2021.10.win32_1.0.100.202210260954/tools/bin/../lib/gcc/arm-none-eabi/10.3.1/../../../../arm-none-eabi/lib/thumb/v7-m/nofp\libc_nano.a(lib_a-sbrkr.o)
 .ARM.attributes
                0x0000000000000719       0x2d c:/st/stm32cubeide_1.11.0/stm32cubeide/plugins/com.st.stm32cube.ide.mcu.externaltools.gnu-tools-for-stm32.10.3-2021.10.win32_1.0.100.202210260954/tools/bin/../lib/gcc/arm-none-eabi/10.3.1/../../../../arm-none-eabi/lib/thumb/v7-m/nofp\libc_nano.a(lib_a-mlock.o)
 .ARM.attributes
                0x0000000000000746       0x2d c:/st/stm32cubeide_1.11.0/stm32cubeide/plugins/com.st.stm32cube.ide.mcu.externaltools.gnu-tools-for-stm32.10.3-2021.10.win32_1.0.100.202210260954/tools/bin/../lib/gcc/arm-none-eabi/10.3.1/../../../../arm-none-eabi/lib/thumb/v7-m/nofp\libc_nano.a(lib_a-nano-msizer.o)
 .ARM.attributes
                0x0000000000000773       0x2d c:/st/stm32cubeide_1.11.0/stm32cubeide/plugins/com.st.stm32cube.ide.mcu.externaltools.gnu-tools-for-stm32.10.3-2021.10.win32_1.0.100.202210260954/tools/bin/../lib/gcc/arm-none-eabi/10.3.1/../../../../arm-none-eabi/lib/thumb/v7-m/nofp\libc_nano.a(lib_a-reent.o)
 .ARM.attributes
                0x00000000000007a0       0x2d c:/st/stm32cubeide_1.11.0/stm32cubeide/plugins/com.st.stm32cube.ide.mcu.externaltools.gnu-tools-for-stm32.10.3-2021.10.win32_1.0.100.202210260954/tools/bin/../lib/gcc/arm-none-eabi/10.3.1/../../../../arm-none-eabi/lib/thumb/v7-m/nofp\libc_nano.a(lib_a-lock.o)
 .ARM.attributes
                0x00000000000007cd       0x1d c:/st/stm32cubeide_1.11.0/stm32cubeide/plugins/com.st.stm32cube.ide.mcu.externaltools.gnu-tools-for-stm32.10.3-2021.10.win32_1.0.100.202210260954/tools/bin/../lib/gcc/arm-none-eabi/10.3.1/thumb/v7-m/nofp/crtn.o
OUTPUT(PROJECT.elf elf32-littlearm)
LOAD linker stubs
LOAD c:/st/stm32cubeide_1.11.0/stm32cubeide/plugins/com.st.stm32cube.ide.mcu.externaltools.gnu-tools-for-stm32.10.3-2021.10.win32_1.0.100.202210260954/tools/bin/../lib/gcc/arm-none-eabi/10.3.1/../../../../arm-none-eabi/lib/thumb/v7-m/nofp\libc.a
LOAD c:/st/stm32cubeide_1.11.0/stm32cubeide/plugins/com.st.stm32cube.ide.mcu.externaltools.gnu-tools-for-stm32.10.3-2021.10.win32_1.0.100.202210260954/tools/bin/../lib/gcc/arm-none-eabi/10.3.1/../../../../arm-none-eabi/lib/thumb/v7-m/nofp\libm.a
LOAD c:/st/stm32cubeide_1.11.0/stm32cubeide/plugins/com.st.stm32cube.ide.mcu.externaltools.gnu-tools-for-stm32.10.3-2021.10.win32_1.0.100.202210260954/tools/bin/../lib/gcc/arm-none-eabi/10.3.1/thumb/v7-m/nofp\libgcc.a

.debug_info     0x0000000000000000     0xec01
 .debug_info    0x0000000000000000      0x779 ./Core/Src/Melody.o
 .debug_info    0x0000000000000779      0x63a ./Core/Src/automatic_fsm.o
 .debug_info    0x0000000000000db3      0x349 ./Core/Src/button.o
 .debug_info    0x00000000000010fc      0x307 ./Core/Src/fsm_auto.o
 .debug_info    0x0000000000001403      0x17a ./Core/Src/fsm_manual.o
 .debug_info    0x000000000000157d      0x25c ./Core/Src/global.o
 .debug_info    0x00000000000017d9      0x28b ./Core/Src/led_disp.o
 .debug_info    0x0000000000001a64     0x1527 ./Core/Src/main.o
 .debug_info    0x0000000000002f8b      0x3c3 ./Core/Src/software_timer.o
 .debug_info    0x000000000000334e     0x10a9 ./Core/Src/stm32f1xx_hal_msp.o
 .debug_info    0x00000000000043f7      0xc21 ./Core/Src/stm32f1xx_it.o
 .debug_info    0x0000000000005018      0x171 ./Core/Src/sysmem.o
 .debug_info    0x0000000000005189      0x23d ./Core/Src/system_stm32f1xx.o
 .debug_info    0x00000000000053c6       0x22 ./Core/Startup/startup_stm32f103rbtx.o
 .debug_info    0x00000000000053e8      0x734 ./Drivers/STM32F1xx_HAL_Driver/Src/stm32f1xx_hal.o
 .debug_info    0x0000000000005b1c      0xcd9 ./Drivers/STM32F1xx_HAL_Driver/Src/stm32f1xx_hal_adc.o
 .debug_info    0x00000000000067f5      0xa8f ./Drivers/STM32F1xx_HAL_Driver/Src/stm32f1xx_hal_adc_ex.o
 .debug_info    0x0000000000007284      0xb20 ./Drivers/STM32F1xx_HAL_Driver/Src/stm32f1xx_hal_cortex.o
 .debug_info    0x0000000000007da4      0x73f ./Drivers/STM32F1xx_HAL_Driver/Src/stm32f1xx_hal_dma.o
 .debug_info    0x00000000000084e3      0x615 ./Drivers/STM32F1xx_HAL_Driver/Src/stm32f1xx_hal_gpio.o
 .debug_info    0x0000000000008af8      0x860 ./Drivers/STM32F1xx_HAL_Driver/Src/stm32f1xx_hal_rcc.o
 .debug_info    0x0000000000009358      0x3e0 ./Drivers/STM32F1xx_HAL_Driver/Src/stm32f1xx_hal_rcc_ex.o
 .debug_info    0x0000000000009738     0x29de ./Drivers/STM32F1xx_HAL_Driver/Src/stm32f1xx_hal_tim.o
 .debug_info    0x000000000000c116     0x1513 ./Drivers/STM32F1xx_HAL_Driver/Src/stm32f1xx_hal_tim_ex.o
 .debug_info    0x000000000000d629     0x15d8 ./Drivers/STM32F1xx_HAL_Driver/Src/stm32f1xx_hal_uart.o

.debug_abbrev   0x0000000000000000     0x2999
 .debug_abbrev  0x0000000000000000      0x198 ./Core/Src/Melody.o
 .debug_abbrev  0x0000000000000198      0x1a0 ./Core/Src/automatic_fsm.o
 .debug_abbrev  0x0000000000000338      0x1c0 ./Core/Src/button.o
 .debug_abbrev  0x00000000000004f8      0x10b ./Core/Src/fsm_auto.o
 .debug_abbrev  0x0000000000000603       0xa3 ./Core/Src/fsm_manual.o
 .debug_abbrev  0x00000000000006a6       0x67 ./Core/Src/global.o
 .debug_abbrev  0x000000000000070d       0xe5 ./Core/Src/led_disp.o
 .debug_abbrev  0x00000000000007f2      0x2ec ./Core/Src/main.o
 .debug_abbrev  0x0000000000000ade       0xa3 ./Core/Src/software_timer.o
 .debug_abbrev  0x0000000000000b81      0x203 ./Core/Src/stm32f1xx_hal_msp.o
 .debug_abbrev  0x0000000000000d84      0x1c4 ./Core/Src/stm32f1xx_it.o
 .debug_abbrev  0x0000000000000f48       0xbb ./Core/Src/sysmem.o
 .debug_abbrev  0x0000000000001003      0x13b ./Core/Src/system_stm32f1xx.o
 .debug_abbrev  0x000000000000113e       0x12 ./Core/Startup/startup_stm32f103rbtx.o
 .debug_abbrev  0x0000000000001150      0x1fb ./Drivers/STM32F1xx_HAL_Driver/Src/stm32f1xx_hal.o
 .debug_abbrev  0x000000000000134b      0x210 ./Drivers/STM32F1xx_HAL_Driver/Src/stm32f1xx_hal_adc.o
 .debug_abbrev  0x000000000000155b      0x234 ./Drivers/STM32F1xx_HAL_Driver/Src/stm32f1xx_hal_adc_ex.o
 .debug_abbrev  0x000000000000178f      0x2ed ./Drivers/STM32F1xx_HAL_Driver/Src/stm32f1xx_hal_cortex.o
 .debug_abbrev  0x0000000000001a7c      0x1fe ./Drivers/STM32F1xx_HAL_Driver/Src/stm32f1xx_hal_dma.o
 .debug_abbrev  0x0000000000001c7a      0x1bb ./Drivers/STM32F1xx_HAL_Driver/Src/stm32f1xx_hal_gpio.o
 .debug_abbrev  0x0000000000001e35      0x2a8 ./Drivers/STM32F1xx_HAL_Driver/Src/stm32f1xx_hal_rcc.o
 .debug_abbrev  0x00000000000020dd      0x182 ./Drivers/STM32F1xx_HAL_Driver/Src/stm32f1xx_hal_rcc_ex.o
 .debug_abbrev  0x000000000000225f      0x25d ./Drivers/STM32F1xx_HAL_Driver/Src/stm32f1xx_hal_tim.o
 .debug_abbrev  0x00000000000024bc      0x265 ./Drivers/STM32F1xx_HAL_Driver/Src/stm32f1xx_hal_tim_ex.o
 .debug_abbrev  0x0000000000002721      0x278 ./Drivers/STM32F1xx_HAL_Driver/Src/stm32f1xx_hal_uart.o

.debug_aranges  0x0000000000000000      0xf98
 .debug_aranges
                0x0000000000000000       0x20 ./Core/Src/Melody.o
 .debug_aranges
                0x0000000000000020       0x20 ./Core/Src/automatic_fsm.o
 .debug_aranges
                0x0000000000000040       0x30 ./Core/Src/button.o
 .debug_aranges
                0x0000000000000070       0x20 ./Core/Src/fsm_auto.o
 .debug_aranges
                0x0000000000000090       0x20 ./Core/Src/fsm_manual.o
 .debug_aranges
                0x00000000000000b0       0x28 ./Core/Src/global.o
 .debug_aranges
                0x00000000000000d8       0x80 ./Core/Src/led_disp.o
 .debug_aranges
                0x0000000000000158       0x60 ./Core/Src/main.o
 .debug_aranges
                0x00000000000001b8       0x70 ./Core/Src/software_timer.o
 .debug_aranges
                0x0000000000000228       0x58 ./Core/Src/stm32f1xx_hal_msp.o
 .debug_aranges
                0x0000000000000280       0x88 ./Core/Src/stm32f1xx_it.o
 .debug_aranges
                0x0000000000000308       0x20 ./Core/Src/sysmem.o
 .debug_aranges
                0x0000000000000328       0x28 ./Core/Src/system_stm32f1xx.o
 .debug_aranges
                0x0000000000000350       0x28 ./Core/Startup/startup_stm32f103rbtx.o
 .debug_aranges
                0x0000000000000378       0xe0 ./Drivers/STM32F1xx_HAL_Driver/Src/stm32f1xx_hal.o
 .debug_aranges
                0x0000000000000458       0xf0 ./Drivers/STM32F1xx_HAL_Driver/Src/stm32f1xx_hal_adc.o
 .debug_aranges
                0x0000000000000548       0x80 ./Drivers/STM32F1xx_HAL_Driver/Src/stm32f1xx_hal_adc_ex.o
 .debug_aranges
                0x00000000000005c8      0x100 ./Drivers/STM32F1xx_HAL_Driver/Src/stm32f1xx_hal_cortex.o
 .debug_aranges
                0x00000000000006c8       0x80 ./Drivers/STM32F1xx_HAL_Driver/Src/stm32f1xx_hal_dma.o
 .debug_aranges
                0x0000000000000748       0x58 ./Drivers/STM32F1xx_HAL_Driver/Src/stm32f1xx_hal_gpio.o
 .debug_aranges
                0x00000000000007a0       0x90 ./Drivers/STM32F1xx_HAL_Driver/Src/stm32f1xx_hal_rcc.o
 .debug_aranges
                0x0000000000000830       0x30 ./Drivers/STM32F1xx_HAL_Driver/Src/stm32f1xx_hal_rcc_ex.o
 .debug_aranges
                0x0000000000000860      0x3d0 ./Drivers/STM32F1xx_HAL_Driver/Src/stm32f1xx_hal_tim.o
 .debug_aranges
                0x0000000000000c30      0x168 ./Drivers/STM32F1xx_HAL_Driver/Src/stm32f1xx_hal_tim_ex.o
 .debug_aranges
                0x0000000000000d98      0x200 ./Drivers/STM32F1xx_HAL_Driver/Src/stm32f1xx_hal_uart.o

.debug_ranges   0x0000000000000000      0xe40
 .debug_ranges  0x0000000000000000       0x10 ./Core/Src/Melody.o
 .debug_ranges  0x0000000000000010       0x10 ./Core/Src/automatic_fsm.o
 .debug_ranges  0x0000000000000020       0x20 ./Core/Src/button.o
 .debug_ranges  0x0000000000000040       0x10 ./Core/Src/fsm_auto.o
 .debug_ranges  0x0000000000000050       0x10 ./Core/Src/fsm_manual.o
 .debug_ranges  0x0000000000000060       0x18 ./Core/Src/global.o
 .debug_ranges  0x0000000000000078       0x70 ./Core/Src/led_disp.o
 .debug_ranges  0x00000000000000e8       0x50 ./Core/Src/main.o
 .debug_ranges  0x0000000000000138       0x60 ./Core/Src/software_timer.o
 .debug_ranges  0x0000000000000198       0x48 ./Core/Src/stm32f1xx_hal_msp.o
 .debug_ranges  0x00000000000001e0       0x78 ./Core/Src/stm32f1xx_it.o
 .debug_ranges  0x0000000000000258       0x10 ./Core/Src/sysmem.o
 .debug_ranges  0x0000000000000268       0x18 ./Core/Src/system_stm32f1xx.o
 .debug_ranges  0x0000000000000280       0x20 ./Core/Startup/startup_stm32f103rbtx.o
 .debug_ranges  0x00000000000002a0       0xd0 ./Drivers/STM32F1xx_HAL_Driver/Src/stm32f1xx_hal.o
 .debug_ranges  0x0000000000000370       0xe0 ./Drivers/STM32F1xx_HAL_Driver/Src/stm32f1xx_hal_adc.o
 .debug_ranges  0x0000000000000450       0x70 ./Drivers/STM32F1xx_HAL_Driver/Src/stm32f1xx_hal_adc_ex.o
 .debug_ranges  0x00000000000004c0       0xf0 ./Drivers/STM32F1xx_HAL_Driver/Src/stm32f1xx_hal_cortex.o
 .debug_ranges  0x00000000000005b0       0x70 ./Drivers/STM32F1xx_HAL_Driver/Src/stm32f1xx_hal_dma.o
 .debug_ranges  0x0000000000000620       0x48 ./Drivers/STM32F1xx_HAL_Driver/Src/stm32f1xx_hal_gpio.o
 .debug_ranges  0x0000000000000668       0x80 ./Drivers/STM32F1xx_HAL_Driver/Src/stm32f1xx_hal_rcc.o
 .debug_ranges  0x00000000000006e8       0x20 ./Drivers/STM32F1xx_HAL_Driver/Src/stm32f1xx_hal_rcc_ex.o
 .debug_ranges  0x0000000000000708      0x3c0 ./Drivers/STM32F1xx_HAL_Driver/Src/stm32f1xx_hal_tim.o
 .debug_ranges  0x0000000000000ac8      0x158 ./Drivers/STM32F1xx_HAL_Driver/Src/stm32f1xx_hal_tim_ex.o
 .debug_ranges  0x0000000000000c20      0x220 ./Drivers/STM32F1xx_HAL_Driver/Src/stm32f1xx_hal_uart.o

.debug_macro    0x0000000000000000    0x1a73c
 .debug_macro   0x0000000000000000      0x1d4 ./Core/Src/Melody.o
 .debug_macro   0x00000000000001d4      0xa6c ./Core/Src/Melody.o
 .debug_macro   0x0000000000000c40       0x10 ./Core/Src/Melody.o
 .debug_macro   0x0000000000000c50      0x221 ./Core/Src/Melody.o
 .debug_macro   0x0000000000000e71       0x2e ./Core/Src/Melody.o
 .debug_macro   0x0000000000000e9f       0x22 ./Core/Src/Melody.o
 .debug_macro   0x0000000000000ec1       0x22 ./Core/Src/Melody.o
 .debug_macro   0x0000000000000ee3       0x8e ./Core/Src/Melody.o
 .debug_macro   0x0000000000000f71       0x51 ./Core/Src/Melody.o
 .debug_macro   0x0000000000000fc2      0x103 ./Core/Src/Melody.o
 .debug_macro   0x00000000000010c5       0x6a ./Core/Src/Melody.o
 .debug_macro   0x000000000000112f      0x1df ./Core/Src/Melody.o
 .debug_macro   0x000000000000130e       0x1c ./Core/Src/Melody.o
 .debug_macro   0x000000000000132a       0x22 ./Core/Src/Melody.o
 .debug_macro   0x000000000000134c       0xbd ./Core/Src/Melody.o
 .debug_macro   0x0000000000001409      0xd23 ./Core/Src/Melody.o
 .debug_macro   0x000000000000212c     0xe09e ./Core/Src/Melody.o
 .debug_macro   0x00000000000101ca       0x6d ./Core/Src/Melody.o
 .debug_macro   0x0000000000010237     0x3468 ./Core/Src/Melody.o
 .debug_macro   0x000000000001369f      0x174 ./Core/Src/Melody.o
 .debug_macro   0x0000000000013813       0x5c ./Core/Src/Melody.o
 .debug_macro   0x000000000001386f      0x5be ./Core/Src/Melody.o
 .debug_macro   0x0000000000013e2d      0x289 ./Core/Src/Melody.o
 .debug_macro   0x00000000000140b6      0x1cb ./Core/Src/Melody.o
 .debug_macro   0x0000000000014281      0x114 ./Core/Src/Melody.o
 .debug_macro   0x0000000000014395      0x1b2 ./Core/Src/Melody.o
 .debug_macro   0x0000000000014547       0x27 ./Core/Src/Melody.o
 .debug_macro   0x000000000001456e      0x136 ./Core/Src/Melody.o
 .debug_macro   0x00000000000146a4      0x1bc ./Core/Src/Melody.o
 .debug_macro   0x0000000000014860       0x34 ./Core/Src/Melody.o
 .debug_macro   0x0000000000014894       0x3c ./Core/Src/Melody.o
 .debug_macro   0x00000000000148d0       0x57 ./Core/Src/Melody.o
 .debug_macro   0x0000000000014927      0x46a ./Core/Src/Melody.o
 .debug_macro   0x0000000000014d91      0x1b5 ./Core/Src/Melody.o
 .debug_macro   0x0000000000014f46       0x88 ./Core/Src/Melody.o
 .debug_macro   0x0000000000014fce      0x241 ./Core/Src/Melody.o
 .debug_macro   0x000000000001520f      0x141 ./Core/Src/Melody.o
 .debug_macro   0x0000000000015350      0x8d1 ./Core/Src/Melody.o
 .debug_macro   0x0000000000015c21      0x279 ./Core/Src/Melody.o
 .debug_macro   0x0000000000015e9a       0x83 ./Core/Src/Melody.o
 .debug_macro   0x0000000000015f1d       0xca ./Core/Src/Melody.o
 .debug_macro   0x0000000000015fe7      0x30d ./Core/Src/Melody.o
 .debug_macro   0x00000000000162f4      0x3c8 ./Core/Src/automatic_fsm.o
 .debug_macro   0x00000000000166bc       0x52 ./Core/Src/automatic_fsm.o
 .debug_macro   0x000000000001670e       0x18 ./Core/Src/automatic_fsm.o
 .debug_macro   0x0000000000016726       0x3c ./Core/Src/automatic_fsm.o
 .debug_macro   0x0000000000016762       0x34 ./Core/Src/automatic_fsm.o
 .debug_macro   0x0000000000016796       0x16 ./Core/Src/automatic_fsm.o
 .debug_macro   0x00000000000167ac       0x35 ./Core/Src/automatic_fsm.o
 .debug_macro   0x00000000000167e1      0x341 ./Core/Src/automatic_fsm.o
 .debug_macro   0x0000000000016b22       0x10 ./Core/Src/automatic_fsm.o
 .debug_macro   0x0000000000016b32       0x16 ./Core/Src/automatic_fsm.o
 .debug_macro   0x0000000000016b48       0x43 ./Core/Src/automatic_fsm.o
 .debug_macro   0x0000000000016b8b       0x34 ./Core/Src/automatic_fsm.o
 .debug_macro   0x0000000000016bbf       0x10 ./Core/Src/automatic_fsm.o
 .debug_macro   0x0000000000016bcf       0x58 ./Core/Src/automatic_fsm.o
 .debug_macro   0x0000000000016c27       0x71 ./Core/Src/automatic_fsm.o
 .debug_macro   0x0000000000016c98       0x1c ./Core/Src/automatic_fsm.o
 .debug_macro   0x0000000000016cb4      0x12a ./Core/Src/automatic_fsm.o
 .debug_macro   0x0000000000016dde       0x10 ./Core/Src/automatic_fsm.o
 .debug_macro   0x0000000000016dee       0x1c ./Core/Src/automatic_fsm.o
 .debug_macro   0x0000000000016e0a       0x52 ./Core/Src/automatic_fsm.o
 .debug_macro   0x0000000000016e5c       0x22 ./Core/Src/automatic_fsm.o
 .debug_macro   0x0000000000016e7e       0x10 ./Core/Src/automatic_fsm.o
 .debug_macro   0x0000000000016e8e       0x52 ./Core/Src/automatic_fsm.o
 .debug_macro   0x0000000000016ee0       0xd5 ./Core/Src/automatic_fsm.o
 .debug_macro   0x0000000000016fb5       0x1c ./Core/Src/automatic_fsm.o
 .debug_macro   0x0000000000016fd1       0x3d ./Core/Src/automatic_fsm.o
 .debug_macro   0x000000000001700e       0x16 ./Core/Src/automatic_fsm.o
 .debug_macro   0x0000000000017024      0x145 ./Core/Src/automatic_fsm.o
 .debug_macro   0x0000000000017169       0x16 ./Core/Src/automatic_fsm.o
 .debug_macro   0x000000000001717f       0x16 ./Core/Src/automatic_fsm.o
 .debug_macro   0x0000000000017195       0x29 ./Core/Src/automatic_fsm.o
 .debug_macro   0x00000000000171be       0x16 ./Core/Src/automatic_fsm.o
 .debug_macro   0x00000000000171d4       0x20 ./Core/Src/automatic_fsm.o
 .debug_macro   0x00000000000171f4      0x319 ./Core/Src/automatic_fsm.o
 .debug_macro   0x000000000001750d       0x6a ./Core/Src/automatic_fsm.o
 .debug_macro   0x0000000000017577       0x2e ./Core/Src/automatic_fsm.o
 .debug_macro   0x00000000000175a5      0x3d7 ./Core/Src/button.o
 .debug_macro   0x000000000001797c       0x10 ./Core/Src/button.o
 .debug_macro   0x000000000001798c      0x3db ./Core/Src/fsm_auto.o
 .debug_macro   0x0000000000017d67       0x16 ./Core/Src/fsm_auto.o
 .debug_macro   0x0000000000017d7d      0x3db ./Core/Src/fsm_manual.o
 .debug_macro   0x0000000000018158      0x3cd ./Core/Src/global.o
 .debug_macro   0x0000000000018525      0x1d0 ./Core/Src/led_disp.o
 .debug_macro   0x00000000000186f5      0x3f6 ./Core/Src/main.o
 .debug_macro   0x0000000000018aeb       0x1b ./Core/Src/software_timer.o
 .debug_macro   0x0000000000018b06      0x1c6 ./Core/Src/stm32f1xx_hal_msp.o
 .debug_macro   0x0000000000018ccc      0x1d0 ./Core/Src/stm32f1xx_it.o
 .debug_macro   0x0000000000018e9c       0xff ./Core/Src/sysmem.o
 .debug_macro   0x0000000000018f9b      0x23b ./Core/Src/sysmem.o
 .debug_macro   0x00000000000191d6      0x1b7 ./Core/Src/system_stm32f1xx.o
 .debug_macro   0x000000000001938d      0x1db ./Drivers/STM32F1xx_HAL_Driver/Src/stm32f1xx_hal.o
 .debug_macro   0x0000000000019568      0x1d4 ./Drivers/STM32F1xx_HAL_Driver/Src/stm32f1xx_hal_adc.o
 .debug_macro   0x000000000001973c      0x1c9 ./Drivers/STM32F1xx_HAL_Driver/Src/stm32f1xx_hal_adc_ex.o
 .debug_macro   0x0000000000019905      0x1b7 ./Drivers/STM32F1xx_HAL_Driver/Src/stm32f1xx_hal_cortex.o
 .debug_macro   0x0000000000019abc      0x1b7 ./Drivers/STM32F1xx_HAL_Driver/Src/stm32f1xx_hal_dma.o
 .debug_macro   0x0000000000019c73      0x222 ./Drivers/STM32F1xx_HAL_Driver/Src/stm32f1xx_hal_gpio.o
 .debug_macro   0x0000000000019e95      0x1c9 ./Drivers/STM32F1xx_HAL_Driver/Src/stm32f1xx_hal_rcc.o
 .debug_macro   0x000000000001a05e      0x1b7 ./Drivers/STM32F1xx_HAL_Driver/Src/stm32f1xx_hal_rcc_ex.o
 .debug_macro   0x000000000001a215      0x1b8 ./Drivers/STM32F1xx_HAL_Driver/Src/stm32f1xx_hal_tim.o
 .debug_macro   0x000000000001a3cd      0x1b7 ./Drivers/STM32F1xx_HAL_Driver/Src/stm32f1xx_hal_tim_ex.o
 .debug_macro   0x000000000001a584      0x1b8 ./Drivers/STM32F1xx_HAL_Driver/Src/stm32f1xx_hal_uart.o

.debug_line     0x0000000000000000    0x12f50
 .debug_line    0x0000000000000000      0x70d ./Core/Src/Melody.o
 .debug_line    0x000000000000070d      0x936 ./Core/Src/automatic_fsm.o
 .debug_line    0x0000000000001043      0x9e4 ./Core/Src/button.o
 .debug_line    0x0000000000001a27      0xaf5 ./Core/Src/fsm_auto.o
 .debug_line    0x000000000000251c      0xa53 ./Core/Src/fsm_manual.o
 .debug_line    0x0000000000002f6f      0x95f ./Core/Src/global.o
 .debug_line    0x00000000000038ce      0x7d1 ./Core/Src/led_disp.o
 .debug_line    0x000000000000409f      0xba9 ./Core/Src/main.o
 .debug_line    0x0000000000004c48      0x257 ./Core/Src/software_timer.o
 .debug_line    0x0000000000004e9f      0x7c2 ./Core/Src/stm32f1xx_hal_msp.o
 .debug_line    0x0000000000005661      0x7dd ./Core/Src/stm32f1xx_it.o
 .debug_line    0x0000000000005e3e      0x4ea ./Core/Src/sysmem.o
 .debug_line    0x0000000000006328      0x721 ./Core/Src/system_stm32f1xx.o
 .debug_line    0x0000000000006a49       0x87 ./Core/Startup/startup_stm32f103rbtx.o
 .debug_line    0x0000000000006ad0      0x94e ./Drivers/STM32F1xx_HAL_Driver/Src/stm32f1xx_hal.o
 .debug_line    0x000000000000741e      0xfc5 ./Drivers/STM32F1xx_HAL_Driver/Src/stm32f1xx_hal_adc.o
 .debug_line    0x00000000000083e3      0xd13 ./Drivers/STM32F1xx_HAL_Driver/Src/stm32f1xx_hal_adc_ex.o
 .debug_line    0x00000000000090f6      0xb36 ./Drivers/STM32F1xx_HAL_Driver/Src/stm32f1xx_hal_cortex.o
 .debug_line    0x0000000000009c2c      0xda6 ./Drivers/STM32F1xx_HAL_Driver/Src/stm32f1xx_hal_dma.o
 .debug_line    0x000000000000a9d2      0x9e5 ./Drivers/STM32F1xx_HAL_Driver/Src/stm32f1xx_hal_gpio.o
 .debug_line    0x000000000000b3b7      0xd5c ./Drivers/STM32F1xx_HAL_Driver/Src/stm32f1xx_hal_rcc.o
 .debug_line    0x000000000000c113      0x89a ./Drivers/STM32F1xx_HAL_Driver/Src/stm32f1xx_hal_rcc_ex.o
 .debug_line    0x000000000000c9ad     0x3304 ./Drivers/STM32F1xx_HAL_Driver/Src/stm32f1xx_hal_tim.o
 .debug_line    0x000000000000fcb1     0x1876 ./Drivers/STM32F1xx_HAL_Driver/Src/stm32f1xx_hal_tim_ex.o
 .debug_line    0x0000000000011527     0x1a29 ./Drivers/STM32F1xx_HAL_Driver/Src/stm32f1xx_hal_uart.o

.debug_str      0x0000000000000000    0x909b9
 .debug_str     0x0000000000000000    0x88680 ./Core/Src/Melody.o
                                      0x88a7d (size before relaxing)
 .debug_str     0x0000000000088680     0x4242 ./Core/Src/automatic_fsm.o
                                      0x8c951 (size before relaxing)
 .debug_str     0x000000000008c8c2      0x110 ./Core/Src/button.o
                                      0x8c64a (size before relaxing)
 .debug_str     0x000000000008c9d2      0x1c8 ./Core/Src/fsm_auto.o
                                      0x8c746 (size before relaxing)
 .debug_str     0x000000000008cb9a       0xad ./Core/Src/fsm_manual.o
                                      0x8c5ca (size before relaxing)
 .debug_str     0x000000000008cc47       0x2d ./Core/Src/global.o
                                      0x8c5b6 (size before relaxing)
 .debug_str     0x000000000008cc74       0x8f ./Core/Src/led_disp.o
                                      0x87ff8 (size before relaxing)
 .debug_str     0x000000000008cd03      0x87d ./Core/Src/main.o
                                      0x8d633 (size before relaxing)
 .debug_str     0x000000000008d580      0x115 ./Core/Src/software_timer.o
                                       0x2e28 (size before relaxing)
 .debug_str     0x000000000008d695      0x10a ./Core/Src/stm32f1xx_hal_msp.o
                                      0x88b26 (size before relaxing)
 .debug_str     0x000000000008d79f      0x163 ./Core/Src/stm32f1xx_it.o
                                      0x887f8 (size before relaxing)
 .debug_str     0x000000000008d902      0x515 ./Core/Src/sysmem.o
                                       0x5d57 (size before relaxing)
 .debug_str     0x000000000008de17       0x6e ./Core/Src/system_stm32f1xx.o
                                      0x87cca (size before relaxing)
 .debug_str     0x000000000008de85       0x36 ./Core/Startup/startup_stm32f103rbtx.o
                                         0x71 (size before relaxing)
 .debug_str     0x000000000008debb      0x384 ./Drivers/STM32F1xx_HAL_Driver/Src/stm32f1xx_hal.o
                                      0x883fd (size before relaxing)
 .debug_str     0x000000000008e23f      0x370 ./Drivers/STM32F1xx_HAL_Driver/Src/stm32f1xx_hal_adc.o
                                      0x883a7 (size before relaxing)
 .debug_str     0x000000000008e5af      0x2d8 ./Drivers/STM32F1xx_HAL_Driver/Src/stm32f1xx_hal_adc_ex.o
                                      0x8837e (size before relaxing)
 .debug_str     0x000000000008e887      0x294 ./Drivers/STM32F1xx_HAL_Driver/Src/stm32f1xx_hal_cortex.o
                                      0x88349 (size before relaxing)
 .debug_str     0x000000000008eb1b      0x216 ./Drivers/STM32F1xx_HAL_Driver/Src/stm32f1xx_hal_dma.o
                                      0x88073 (size before relaxing)
 .debug_str     0x000000000008ed31      0x2a4 ./Drivers/STM32F1xx_HAL_Driver/Src/stm32f1xx_hal_gpio.o
                                      0x88050 (size before relaxing)
 .debug_str     0x000000000008efd5      0x229 ./Drivers/STM32F1xx_HAL_Driver/Src/stm32f1xx_hal_rcc.o
                                      0x880f9 (size before relaxing)
 .debug_str     0x000000000008f1fe       0x84 ./Drivers/STM32F1xx_HAL_Driver/Src/stm32f1xx_hal_rcc_ex.o
                                      0x87e49 (size before relaxing)
 .debug_str     0x000000000008f282      0xceb ./Drivers/STM32F1xx_HAL_Driver/Src/stm32f1xx_hal_tim.o
                                      0x890e4 (size before relaxing)
 .debug_str     0x000000000008ff6d      0x493 ./Drivers/STM32F1xx_HAL_Driver/Src/stm32f1xx_hal_tim_ex.o
                                      0x88900 (size before relaxing)
 .debug_str     0x0000000000090400      0x5b9 ./Drivers/STM32F1xx_HAL_Driver/Src/stm32f1xx_hal_uart.o
                                      0x88704 (size before relaxing)

.comment        0x0000000000000000       0x50
 .comment       0x0000000000000000       0x50 ./Core/Src/Melody.o
                                         0x51 (size before relaxing)
 .comment       0x0000000000000050       0x51 ./Core/Src/automatic_fsm.o
 .comment       0x0000000000000050       0x51 ./Core/Src/button.o
 .comment       0x0000000000000050       0x51 ./Core/Src/fsm_auto.o
 .comment       0x0000000000000050       0x51 ./Core/Src/fsm_manual.o
 .comment       0x0000000000000050       0x51 ./Core/Src/global.o
 .comment       0x0000000000000050       0x51 ./Core/Src/led_disp.o
 .comment       0x0000000000000050       0x51 ./Core/Src/main.o
 .comment       0x0000000000000050       0x51 ./Core/Src/software_timer.o
 .comment       0x0000000000000050       0x51 ./Core/Src/stm32f1xx_hal_msp.o
 .comment       0x0000000000000050       0x51 ./Core/Src/stm32f1xx_it.o
 .comment       0x0000000000000050       0x51 ./Core/Src/sysmem.o
 .comment       0x0000000000000050       0x51 ./Core/Src/system_stm32f1xx.o
 .comment       0x0000000000000050       0x51 ./Drivers/STM32F1xx_HAL_Driver/Src/stm32f1xx_hal.o
 .comment       0x0000000000000050       0x51 ./Drivers/STM32F1xx_HAL_Driver/Src/stm32f1xx_hal_adc.o
 .comment       0x0000000000000050       0x51 ./Drivers/STM32F1xx_HAL_Driver/Src/stm32f1xx_hal_adc_ex.o
 .comment       0x0000000000000050       0x51 ./Drivers/STM32F1xx_HAL_Driver/Src/stm32f1xx_hal_cortex.o
 .comment       0x0000000000000050       0x51 ./Drivers/STM32F1xx_HAL_Driver/Src/stm32f1xx_hal_dma.o