../Core/Src/led_disp.c:10:6:toggleREDS	8	static
../Core/Src/led_disp.c:16:6:toggleGREENs	8	static
../Core/Src/led_disp.c:23:6:toggleYELLOWs	8	static
../Core/Src/led_disp.c:29:6:reset	8	static
../Core/Src/led_disp.c:36:6:enableRED_WEST	8	static
../Core/Src/led_disp.c:40:6:enableYELLOW_WEST	8	static
../Core/Src/led_disp.c:44:6:enableGREEN_WEST	8	static
../Core/Src/led_disp.c:49:6:enableRED_NORTH	8	static
../Core/Src/led_disp.c:53:6:enableGREEN_NORTH	8	static
../Core/Src/led_disp.c:57:6:enableYELLOW_NORTH	8	static
../Core/Src/led_disp.c:61:6:PEDESTRIAN_RED	8	static
../Core/Src/led_disp.c:66:6:PEDESTRIAN_GREEN	8	static
../Core/Src/led_disp.c:71:6:OFF_PEDESTRIAN	8	static
